[doc.akka.io/docs/akka-http/current/index.html]
[backblue.gif]
[fade.gif]
[index.html]
[doc.akka.io/docs/akka-http/current/index-2.html]
[doc.akka.io/docs/akka-http/current/lib/jquery/jquery.min.js]
[doc.akka.io/docs/akka-http/current/lib/foundation/dist/js/foundation.min.js]
[doc.akka.io/docs/akka-http/current/lib/normalize.css/normalize.css]
[doc.akka.io/docs/akka-http/current/lib/foundation/dist/css/foundation.min.css]
[cdn.jsdelivr.net/docsearch.js/2/docsearch.min.css]
[doc.akka.io/docs/akka-http/current/css/icons.css]
[doc.akka.io/docs/akka-http/current/css/page.css]
[doc.akka.io/docs/akka-http/current/images/favicon.ico]
[doc.akka.io/docs/akka-http/current/images/apple-touch-icon.png]
[doc.akka.io/docs/akka-http/current/images/favicon-32x32.png]
[doc.akka.io/docs/akka-http/current/images/favicon-16x16.png]
[doc.akka.io/docs/akka-http/current/images/manifest.json]
[optanon.blob.core.windows.net/consent/159bb13d-6748-4399-806e-ac28db879785.js]
[www.google-analytics.com/analytics.js]
[munchkin.marketo.net/munchkin.js]
[doc.akka.io/docs/akka-http/current/images/akka-logo-reverse.svg]
[doc.akka.io/docs/akka-http/current/security.html]
[doc.akka.io/docs/akka-http/current/release-notes/index.html]
[doc.akka.io/docs/akka-http/current/introduction.html]
[doc.akka.io/docs/akka-http/current/usage.html]
[doc.akka.io/docs/akka-http/current/common/index.html]
[doc.akka.io/docs/akka-http/current/server-side/index.html]
[doc.akka.io/docs/akka-http/current/client-side/index.html]
[doc.akka.io/docs/akka-http/current/extensions.html]
[doc.akka.io/docs/akka-http/current/technologies.html]
[doc.akka.io/docs/akka-http/current/tipsandtricks.html]
[doc.akka.io/docs/akka-http/current/contributing.html]
[doc.akka.io/docs/akka-http/current/reference.html]
[doc.akka.io/docs/akka-http/current/security/2018.html]
[doc.akka.io/docs/akka-http/current/security/2017.html]
[doc.akka.io/docs/akka-http/current/security/2016.html]
[doc.akka.io/docs/akka-http/current/release-notes/10.1.x.html]
[doc.akka.io/docs/akka-http/current/release-notes/10.0.x.html]
[doc.akka.io/docs/akka-http/current/configuration.html]
[doc.akka.io/docs/akka-http/current/migration-guide/index.html]
[doc.akka.io/docs/akka-http/current/compatibility-guidelines.html]
[doc.akka.io/docs/akka-http/current/common/http-model.html]
[doc.akka.io/docs/akka-http/current/common/uri-model.html]
[doc.akka.io/docs/akka-http/current/common/marshalling.html]
[doc.akka.io/docs/akka-http/current/common/unmarshalling.html]
[doc.akka.io/docs/akka-http/current/common/encoding.html]
[doc.akka.io/docs/akka-http/current/common/json-support.html]
[doc.akka.io/docs/akka-http/current/common/xml-support.html]
[doc.akka.io/docs/akka-http/current/common/timeouts.html]
[doc.akka.io/docs/akka-http/current/common/caching.html]
[doc.akka.io/docs/akka-http/current/server-side/low-level-api.html]
[doc.akka.io/docs/akka-http/current/routing-dsl/index.html]
[doc.akka.io/docs/akka-http/current/server-side/websocket-support.html]
[doc.akka.io/docs/akka-http/current/server-side/server-https-support.html]
[doc.akka.io/docs/akka-http/current/server-side/graceful-termination.html]
[doc.akka.io/docs/akka-http/current/server-side/http2.html]
[doc.akka.io/docs/akka-http/current/client-side/request-and-response.html]
[doc.akka.io/docs/akka-http/current/client-side/request-level.html]
[doc.akka.io/docs/akka-http/current/client-side/host-level.html]
[doc.akka.io/docs/akka-http/current/client-side/connection-level.html]
[doc.akka.io/docs/akka-http/current/client-side/client-https-support.html]
[doc.akka.io/docs/akka-http/current/client-side/client-transport.html]
[doc.akka.io/docs/akka-http/current/client-side/websocket-support.html]
[doc.akka.io/docs/akka-http/current/handling-blocking-operations-in-akka-http-routes.html]
[doc.akka.io/docs/akka-http/current/implications-of-streaming-http-entity.html]
[doc.akka.io/docs/akka-http/current/client-side/pool-overflow.html]
[doc.akka.io/docs/akka-http/current/images/akka-icon.svg]
[doc.akka.io/docs/akka-http/current/js/scrollsneak.js]
[doc.akka.io/docs/akka-http/current/js/groups.js]
[doc.akka.io/docs/akka-http/current/js/page.js]
[doc.akka.io/docs/akka-http/current/js/magellan.js]
[doc.akka.io/docs/akka-http/current/lib/prettify/prettify.css]
[doc.akka.io/docs/akka-http/current/lib/prettify/prettify.js]
[doc.akka.io/docs/akka-http/current/lib/prettify/lang-scala.js]
[cdn.jsdelivr.net/docsearch.js/2/docsearch.min.js]
[doc.akka.io/docs/akka-http/current/assets/js/warnOldDocs.js]
[doc.akka.io/docs/akka-http/current/index.html]
[doc.akka.io/docs/akka-http/current/index-2.html]
[doc.akka.io/docs/akka-http/current/lib/normalize.css/normalize.css]
[doc.akka.io/docs/akka-http/current/lib/foundation/dist/css/foundation.min.css]
[cdn.jsdelivr.net/docsearch.js/2/docsearch.min.css]
[doc.akka.io/docs/akka-http/current/css/fonts/iconsc81e.eot]
[doc.akka.io/docs/akka-http/current/css/fonts/iconsc81e.woff]
[doc.akka.io/docs/akka-http/current/css/fonts/iconsc81e.svg]
[doc.akka.io/docs/akka-http/current/css/icons.css]
[doc.akka.io/docs/akka-http/current/css/fonts/proxima-nova-regular.eot]
[doc.akka.io/docs/akka-http/current/css/fonts/proxima-nova-regular.woff]
[doc.akka.io/docs/akka-http/current/css/fonts/proxima-nova-regulard41d.eot]
[doc.akka.io/docs/akka-http/current/css/fonts/proxima-nova-bold.eot]
[doc.akka.io/docs/akka-http/current/css/fonts/proxima-nova-boldd41d.eot]
[doc.akka.io/docs/akka-http/current/css/fonts/proxima-nova-bold.woff]
[doc.akka.io/docs/akka-http/current/css/fonts/source-code-pro-regular.eot]
[doc.akka.io/docs/akka-http/current/css/fonts/source-code-pro-regulard41d.eot]
[doc.akka.io/docs/akka-http/current/css/fonts/source-code-pro-regular.woff]
[doc.akka.io/docs/akka-http/current/images/header-background.jpg]
[doc.akka.io/docs/akka-http/current/css/page.css]
[ajax.googleapis.com/ajax/libs/jquery/1.11.2/jquery.min.js]
[optanon.blob.core.windows.net/consent/159bb13d-6748-4399-806e-ac28db879785.js]
[munchkin.marketo.net/munchkin.js]
[doc.akka.io/docs/akka-http/current/images/akka-logo-reverse.svg]
[doc.akka.io/docs/akka-http/current/security/2018-09-05-denial-of-service-via-decodeRequest.html]
[doc.akka.io/docs/akka-http/current/security/2017-05-03-illegal-media-range-in-accept-header-causes-stackoverflowerror.html]
[doc.akka.io/docs/akka-http/current/security/2017-01-23-denial-of-service-via-leak-on-unconsumed-closed-connections.html]
[doc.akka.io/docs/akka-http/current/security/2016-09-30-windows-directory-traversal.html]
[doc.akka.io/cdn-cgi/scripts/5c5dd728/cloudflare-static/email-decode.min.js]
[doc.akka.io/docs/akka-http/current/security.html]
[doc.akka.io/docs/akka-http/current/release-notes/index.html]
[doc.akka.io/docs/akka-http/current/introduction.html]
[doc.akka.io/docs/akka-http/current/migration-guide/migration-guide-10.1.x.html]
[doc.akka.io/docs/akka-http/current/migration-guide/migration-guide-10.0.x.html]
[doc.akka.io/docs/akka-http/current/migration-guide/migration-guide-2.4.x-10.0.x.html]
[doc.akka.io/docs/akka-http/current/migration-guide/migration-from-spray.html]
[doc.akka.io/docs/akka-http/current/usage.html]
[doc.akka.io/docs/akka-http/current/common/index.html]
[doc.akka.io/docs/akka-http/current/migration-guide/migration-from-old-http-javadsl.html]
[doc.akka.io/docs/akka-http/current/routing-dsl/overview.html]
[doc.akka.io/docs/akka-http/current/routing-dsl/routes.html]
[doc.akka.io/docs/akka-http/current/routing-dsl/directives/index.html]
[doc.akka.io/docs/akka-http/current/routing-dsl/directives/alphabetically.html]
[doc.akka.io/docs/akka-http/current/routing-dsl/directives/by-trait.html]
[doc.akka.io/docs/akka-http/current/routing-dsl/directives/custom-directives.html]
[doc.akka.io/docs/akka-http/current/routing-dsl/rejections.html]
[doc.akka.io/docs/akka-http/current/routing-dsl/exception-handling.html]
[doc.akka.io/docs/akka-http/current/routing-dsl/case-class-extraction.html]
[doc.akka.io/docs/akka-http/current/routing-dsl/source-streaming-support.html]
[doc.akka.io/docs/akka-http/current/routing-dsl/testkit.html]
[doc.akka.io/docs/akka-http/current/server-side/index.html]
[doc.akka.io/docs/akka-http/current/client-side/index.html]
[doc.akka.io/docs/akka-http/current/routing-dsl/HttpApp.html]
[doc.akka.io/docs/akka-http/current/extensions.html]
[img.shields.io/badge/akka--http-48-orange71dd.svg]
[doc.akka.io/docs/akka-http/current/sse-support.html]
[doc.akka.io/docs/akka-http/current/technologies.html]
[doc.akka.io/docs/akka-http/current/tipsandtricks.html]
[doc.akka.io/docs/akka-http/current/contributing.html]
[doc.akka.io/docs/akka-http/current/reference.html]
[doc.akka.io/docs/akka-http/current/security/2018.html]
[doc.akka.io/docs/akka-http/current/security/2017.html]
[doc.akka.io/docs/akka-http/current/security/2016.html]
[doc.akka.io/docs/akka-http/current/release-notes/10.1.x.html]
[doc.akka.io/docs/akka-http/current/routing-dsl/directives/coding-directives/index.html]
[doc.akka.io/docs/akka-http/current/release-notes/10.0.x.html]
[doc.akka.io/docs/akka-http/current/configuration.html]
[doc.akka.io/docs/akka-http/current/migration-guide/index.html]
[doc.akka.io/docs/akka-http/current/compatibility-guidelines.html]
[doc.akka.io/docs/akka-http/current/routing-dsl/directives/path-directives/ignoreTrailingSlash.html]
[doc.akka.io/docs/akka-http/current/common/http-model.html]
[doc.akka.io/docs/akka-http/current/routing-dsl/directives/header-directives/headerValuePF.html]
[doc.akka.io/docs/akka-http/current/routing-dsl/directives/basic-directives/extractUri.html]
[doc.akka.io/docs/akka-http/current/routing-dsl/directives/scheme-directives/extractScheme.html]
[doc.akka.io/docs/akka-http/current/routing-dsl/directives/scheme-directives/scheme.html]
[doc.akka.io/docs/akka-http/current/routing-dsl/directives/path-directives/index.html]
[doc.akka.io/docs/akka-http/current/routing-dsl/directives/parameter-directives/index.html]
[doc.akka.io/docs/akka-http/current/routing-dsl/directives/parameter-directives/parameters.html]
[doc.akka.io/docs/akka-http/current/common/uri-model.html]
[doc.akka.io/docs/akka-http/current/routing-dsl/directives/parameter-directives/parameter.html]
[doc.akka.io/docs/akka-http/current/routing-dsl/directives/route-directives/complete.html]
[doc.akka.io/docs/akka-http/current/common/marshalling.html]
[doc.akka.io/docs/akka-http/current/routing-dsl/directives/marshalling-directives/index.html]
[doc.akka.io/docs/akka-http/current/common/unmarshalling.html]
[doc.akka.io/docs/akka-http/current/common/encoding.html]
[doc.akka.io/docs/akka-http/current/common/json-support.html]
[doc.akka.io/docs/akka-http/current/common/xml-support.html]
[doc.akka.io/docs/akka-http/current/routing-dsl/directives/marshalling-directives/entity.html]
[doc.akka.io/docs/akka-http/current/common/timeouts.html]
[doc.akka.io/docs/akka-http/current/routing-dsl/directives/timeout-directives/index.html]
[doc.akka.io/docs/akka-http/current/routing-dsl/directives/caching-directives/index.html]
[doc.akka.io/docs/akka-http/current/common/caching.html]
[doc.akka.io/docs/akka-http/current/server-side/low-level-api.html]
[doc.akka.io/docs/akka-http/current/routing-dsl/index.html]
[doc.akka.io/docs/akka-http/current/routing-dsl/directives/file-upload-directives/index.html]
[doc.akka.io/docs/akka-http/current/routing-dsl/directives/websocket-directives/handleWebSocketMessages.html]
[doc.akka.io/docs/akka-http/current/server-side/websocket-support.html]
[doc.akka.io/docs/akka-http/current/server-side/server-https-support.html]
[doc.akka.io/docs/akka-http/current/server-side/graceful-termination.html]
[doc.akka.io/docs/akka-http/current/server-side/http2.html]
[doc.akka.io/docs/akka-http/current/client-side/request-and-response.html]
[doc.akka.io/docs/akka-http/current/client-side/request-level.html]
[doc.akka.io/docs/akka-http/current/client-side/host-level.html]
[doc.akka.io/docs/akka-http/current/client-side/connection-level.html]
[doc.akka.io/docs/akka-http/current/client-side/client-https-support.html]
[doc.akka.io/docs/akka-http/current/client-side/client-transport.html]
[doc.akka.io/docs/akka-http/current/client-side/websocket-support.html]
[doc.akka.io/docs/akka-http/current/DispatcherBehaviourOnBadCode.png]
[doc.akka.io/docs/akka-http/current/handling-blocking-operations-in-akka-http-routes.html]
[doc.akka.io/docs/akka-http/current/implications-of-streaming-http-entity.html]
[doc.akka.io/docs/akka-http/current/client-side/pool-overflow.html]
[doc.akka.io/docs/akka-http/current/images/akka-icon.svg]
[doc.akka.io/docs/akka-http/current/lib/prettify/prettify.css]
[doc.akka.io/docs/akka-http/current/css/fonts/iconsc81e.html]
[doc.akka.io/docs/akka-http/current/css/fonts/iconsc81e-2.html]
[doc.akka.io/docs/akka-http/current/css/fonts/iconsc81e.svg]
[doc.akka.io/docs/akka-http/current/css/fonts/proxima-nova-regular.html]
[doc.akka.io/docs/akka-http/current/css/fonts/source-code-pro-regular.html]
[optanon.blob.core.windows.net/skins/default_flat_bottom_two_button_black/v2/css/optanon.css]
[doc.akka.io/docs/akka-http/current/security/2018-09-05-denial-of-service-via-decodeRequest.html]
[doc.akka.io/docs/akka-http/current/security/2017-05-03-illegal-media-range-in-accept-header-causes-stackoverflowerror.html]
[doc.akka.io/docs/akka-http/current/security/2017-01-23-denial-of-service-via-leak-on-unconsumed-closed-connections.html]
[doc.akka.io/docs/akka-http/current/security/2016-09-30-windows-directory-traversal.html]
[doc.akka.io/docs/akka-http/current/migration-guide/migration-guide-10.1.x.html]
[doc.akka.io/docs/akka-http/current/migration-guide/migration-guide-10.0.x.html]
[doc.akka.io/docs/akka-http/current/migration-guide/migration-guide-2.4.x-10.0.x.html]
[doc.akka.io/docs/akka-http/current/migration-guide/migration-from-spray.html]
[doc.akka.io/docs/akka-http/current/migration-guide/migration-from-old-http-javadsl.html]
[doc.akka.io/docs/akka-http/current/routing-dsl/overview.html]
[doc.akka.io/docs/akka-http/current/DispatcherBehaviourOnGoodCode.png]
[doc.akka.io/docs/akka-http/current/routing-dsl/directives/route-directives/index.html]
[doc.akka.io/docs/akka-http/current/routing-dsl/directives/route-directives/reject.html]
[doc.akka.io/docs/akka-http/current/routing-dsl/directives/route-directives/redirect.html]
[doc.akka.io/docs/akka-http/current/routing-dsl/directives/execution-directives/handleRejections.html]
[doc.akka.io/docs/akka-http/current/routing-dsl/routes.html]
[doc.akka.io/docs/akka-http/current/routing-dsl/directives/execution-directives/handleExceptions.html]
[doc.akka.io/docs/akka-http/current/routing-dsl/directives/method-directives/get.html]
[doc.akka.io/docs/akka-http/current/routing-dsl/directives/index.html]
[doc.akka.io/docs/akka-http/current/routing-dsl/directives/method-directives/index.html]
[doc.akka.io/docs/akka-http/current/routing-dsl/directives/caching-directives/alwaysCache.html]
[doc.akka.io/docs/akka-http/current/routing-dsl/directives/security-directives/authenticateBasic.html]
[doc.akka.io/docs/akka-http/current/routing-dsl/directives/security-directives/authenticateBasicAsync.html]
[doc.akka.io/docs/akka-http/current/routing-dsl/directives/security-directives/authenticateBasicPF.html]
[doc.akka.io/docs/akka-http/current/routing-dsl/directives/security-directives/authenticateBasicPFAsync.html]
[doc.akka.io/docs/akka-http/current/routing-dsl/directives/security-directives/authenticateOAuth2.html]
[doc.akka.io/docs/akka-http/current/routing-dsl/directives/security-directives/authenticateOAuth2Async.html]
[doc.akka.io/docs/akka-http/current/routing-dsl/directives/security-directives/authenticateOAuth2PF.html]
[doc.akka.io/docs/akka-http/current/routing-dsl/directives/security-directives/authenticateOAuth2PFAsync.html]
[doc.akka.io/docs/akka-http/current/routing-dsl/directives/security-directives/authenticateOrRejectWithChallenge.html]
[doc.akka.io/docs/akka-http/current/routing-dsl/directives/security-directives/authorize.html]
[doc.akka.io/docs/akka-http/current/routing-dsl/directives/security-directives/authorizeAsync.html]
[doc.akka.io/docs/akka-http/current/routing-dsl/directives/caching-directives/cache.html]
[doc.akka.io/docs/akka-http/current/routing-dsl/directives/caching-directives/cachingProhibited.html]
[doc.akka.io/docs/akka-http/current/routing-dsl/directives/basic-directives/cancelRejection.html]
[doc.akka.io/docs/akka-http/current/routing-dsl/directives/basic-directives/cancelRejections.html]
[doc.akka.io/docs/akka-http/current/routing-dsl/directives/header-directives/checkSameOrigin.html]
[doc.akka.io/docs/akka-http/current/routing-dsl/directives/future-directives/completeOrRecoverWith.html]
[doc.akka.io/docs/akka-http/current/routing-dsl/directives/marshalling-directives/completeWith.html]
[doc.akka.io/docs/akka-http/current/routing-dsl/directives/cache-condition-directives/conditional.html]
[doc.akka.io/docs/akka-http/current/routing-dsl/directives/cookie-directives/cookie.html]
[doc.akka.io/docs/akka-http/current/routing-dsl/directives/coding-directives/decodeRequest.html]
[doc.akka.io/docs/akka-http/current/routing-dsl/directives/coding-directives/decodeRequestWith.html]
[doc.akka.io/docs/akka-http/current/routing-dsl/directives/method-directives/delete.html]
[doc.akka.io/docs/akka-http/current/routing-dsl/directives/cookie-directives/deleteCookie.html]
[doc.akka.io/docs/akka-http/current/routing-dsl/directives/coding-directives/encodeResponse.html]
[doc.akka.io/docs/akka-http/current/routing-dsl/directives/coding-directives/encodeResponseWith.html]
[doc.akka.io/docs/akka-http/current/routing-dsl/directives/basic-directives/extract.html]
[doc.akka.io/docs/akka-http/current/routing-dsl/directives/basic-directives/extractDataBytes.html]
[doc.akka.io/docs/akka-http/current/routing-dsl/directives/misc-directives/extractClientIP.html]
[doc.akka.io/docs/akka-http/current/routing-dsl/directives/security-directives/extractCredentials.html]
[doc.akka.io/docs/akka-http/current/routing-dsl/directives/basic-directives/extractExecutionContext.html]
[doc.akka.io/docs/akka-http/current/routing-dsl/directives/basic-directives/extractMatchedPath.html]
[doc.akka.io/docs/akka-http/current/routing-dsl/directives/basic-directives/extractMaterializer.html]
[doc.akka.io/docs/akka-http/current/routing-dsl/directives/host-directives/extractHost.html]
[doc.akka.io/docs/akka-http/current/routing-dsl/directives/basic-directives/extractLog.html]
[doc.akka.io/docs/akka-http/current/routing-dsl/directives/method-directives/extractMethod.html]
[doc.akka.io/docs/akka-http/current/routing-dsl/directives/websocket-directives/extractOfferedWsProtocols.html]
[doc.akka.io/docs/akka-http/current/routing-dsl/directives/basic-directives/extractParserSettings.html]
[doc.akka.io/docs/akka-http/current/routing-dsl/directives/basic-directives/extractRequest.html]
[doc.akka.io/docs/akka-http/current/routing-dsl/directives/basic-directives/extractRequestContext.html]
[doc.akka.io/docs/akka-http/current/routing-dsl/directives/basic-directives/extractRequestEntity.html]
[doc.akka.io/docs/akka-http/current/routing-dsl/directives/basic-directives/extractSettings.html]
[doc.akka.io/docs/akka-http/current/routing-dsl/directives/basic-directives/extractUnmatchedPath.html]
[doc.akka.io/docs/akka-http/current/routing-dsl/directives/websocket-directives/extractUpgradeToWebSocket.html]
[doc.akka.io/docs/akka-http/current/routing-dsl/directives/route-directives/failWith.html]
[doc.akka.io/docs/akka-http/current/routing-dsl/directives/file-upload-directives/fileUpload.html]
[doc.akka.io/docs/akka-http/current/routing-dsl/directives/file-upload-directives/fileUploadAll.html]
[doc.akka.io/docs/akka-http/current/routing-dsl/directives/form-field-directives/formField.html]
[doc.akka.io/docs/akka-http/current/routing-dsl/directives/form-field-directives/formFieldMap.html]
[doc.akka.io/docs/akka-http/current/routing-dsl/directives/form-field-directives/formFieldMultiMap.html]
[doc.akka.io/docs/akka-http/current/routing-dsl/directives/form-field-directives/formFields.html]
[doc.akka.io/docs/akka-http/current/routing-dsl/directives/form-field-directives/formFieldSeq.html]
[doc.akka.io/docs/akka-http/current/routing-dsl/directives/file-and-resource-directives/getFromBrowseableDirectories.html]
[doc.akka.io/docs/akka-http/current/routing-dsl/directives/file-and-resource-directives/getFromBrowseableDirectory.html]
[doc.akka.io/docs/akka-http/current/routing-dsl/directives/file-and-resource-directives/getFromDirectory.html]
[doc.akka.io/docs/akka-http/current/routing-dsl/directives/file-and-resource-directives/getFromFile.html]
[doc.akka.io/docs/akka-http/current/routing-dsl/directives/file-and-resource-directives/getFromResource.html]
[doc.akka.io/docs/akka-http/current/routing-dsl/directives/file-and-resource-directives/getFromResourceDirectory.html]
[doc.akka.io/docs/akka-http/current/routing-dsl/directives/websocket-directives/handleWebSocketMessagesForOptionalProtocol.html]
[doc.akka.io/docs/akka-http/current/routing-dsl/directives/websocket-directives/handleWebSocketMessagesForProtocol.html]
[doc.akka.io/docs/akka-http/current/routing-dsl/directives/marshalling-directives/handleWith.html]
[doc.akka.io/docs/akka-http/current/routing-dsl/directives/method-directives/head.html]
[doc.akka.io/docs/akka-http/current/routing-dsl/directives/header-directives/headerValue.html]
[doc.akka.io/docs/akka-http/current/routing-dsl/directives/header-directives/headerValueByName.html]
[doc.akka.io/docs/akka-http/current/routing-dsl/directives/header-directives/headerValueByType.html]
[doc.akka.io/docs/akka-http/current/routing-dsl/directives/host-directives/host.html]
[doc.akka.io/docs/akka-http/current/routing-dsl/directives/file-and-resource-directives/listDirectoryContents.html]
[doc.akka.io/docs/akka-http/current/routing-dsl/directives/debugging-directives/logRequest.html]
[doc.akka.io/docs/akka-http/current/routing-dsl/directives/debugging-directives/logRequestResult.html]
[doc.akka.io/docs/akka-http/current/routing-dsl/directives/debugging-directives/logResult.html]
[doc.akka.io/docs/akka-http/current/routing-dsl/directives/basic-directives/mapInnerRoute.html]
[doc.akka.io/docs/akka-http/current/routing-dsl/directives/basic-directives/mapRejections.html]
[doc.akka.io/docs/akka-http/current/routing-dsl/directives/basic-directives/mapRequest.html]
[doc.akka.io/docs/akka-http/current/routing-dsl/directives/basic-directives/mapRequestContext.html]
[doc.akka.io/docs/akka-http/current/routing-dsl/directives/basic-directives/mapResponse.html]
[doc.akka.io/docs/akka-http/current/routing-dsl/directives/basic-directives/mapResponseEntity.html]
[doc.akka.io/docs/akka-http/current/routing-dsl/directives/basic-directives/mapResponseHeaders.html]
[doc.akka.io/docs/akka-http/current/routing-dsl/directives/basic-directives/mapRouteResult.html]
[doc.akka.io/docs/akka-http/current/routing-dsl/directives/basic-directives/mapRouteResultFuture.html]
[doc.akka.io/docs/akka-http/current/routing-dsl/directives/basic-directives/mapRouteResultPF.html]
[doc.akka.io/docs/akka-http/current/routing-dsl/directives/basic-directives/mapRouteResultWith.html]
[doc.akka.io/docs/akka-http/current/routing-dsl/directives/basic-directives/mapRouteResultWithPF.html]
[doc.akka.io/docs/akka-http/current/routing-dsl/directives/basic-directives/mapSettings.html]
[doc.akka.io/docs/akka-http/current/routing-dsl/directives/basic-directives/mapUnmatchedPath.html]
[doc.akka.io/docs/akka-http/current/routing-dsl/directives/method-directives/method.html]
[doc.akka.io/docs/akka-http/current/routing-dsl/directives/future-directives/onComplete.html]
[doc.akka.io/docs/akka-http/current/routing-dsl/directives/future-directives/onCompleteWithBreaker.html]
[doc.akka.io/docs/akka-http/current/routing-dsl/directives/future-directives/onSuccess.html]
[doc.akka.io/docs/akka-http/current/routing-dsl/directives/cookie-directives/optionalCookie.html]
[doc.akka.io/docs/akka-http/current/routing-dsl/directives/header-directives/optionalHeaderValue.html]
[doc.akka.io/docs/akka-http/current/routing-dsl/directives/header-directives/optionalHeaderValueByName.html]
[doc.akka.io/docs/akka-http/current/routing-dsl/directives/header-directives/optionalHeaderValueByType.html]
[doc.akka.io/docs/akka-http/current/routing-dsl/directives/header-directives/optionalHeaderValuePF.html]
[doc.akka.io/docs/akka-http/current/routing-dsl/directives/method-directives/options.html]
[doc.akka.io/docs/akka-http/current/routing-dsl/directives/method-directives/overrideMethodWithParameter.html]
[doc.akka.io/docs/akka-http/current/routing-dsl/directives/parameter-directives/parameterMap.html]
[doc.akka.io/docs/akka-http/current/routing-dsl/directives/parameter-directives/parameterMultiMap.html]
[doc.akka.io/docs/akka-http/current/routing-dsl/directives/parameter-directives/parameterSeq.html]
[doc.akka.io/docs/akka-http/current/routing-dsl/directives/basic-directives/pass.html]
[doc.akka.io/docs/akka-http/current/routing-dsl/directives/method-directives/patch.html]
[doc.akka.io/docs/akka-http/current/routing-dsl/directives/path-directives/path.html]
[doc.akka.io/docs/akka-http/current/routing-dsl/directives/path-directives/pathEnd.html]
[doc.akka.io/docs/akka-http/current/routing-dsl/directives/path-directives/pathEndOrSingleSlash.html]
[doc.akka.io/docs/akka-http/current/routing-dsl/directives/path-directives/pathPrefix.html]
[doc.akka.io/docs/akka-http/current/routing-dsl/directives/path-directives/pathPrefixTest.html]
[doc.akka.io/docs/akka-http/current/routing-dsl/directives/path-directives/pathSingleSlash.html]
[doc.akka.io/docs/akka-http/current/routing-dsl/directives/path-directives/pathSuffix.html]
[doc.akka.io/docs/akka-http/current/routing-dsl/directives/path-directives/pathSuffixTest.html]
[doc.akka.io/docs/akka-http/current/routing-dsl/directives/method-directives/post.html]
[doc.akka.io/docs/akka-http/current/routing-dsl/directives/basic-directives/provide.html]
[doc.akka.io/docs/akka-http/current/routing-dsl/directives/method-directives/put.html]
[doc.akka.io/docs/akka-http/current/routing-dsl/directives/path-directives/rawPathPrefix.html]
[doc.akka.io/docs/akka-http/current/routing-dsl/directives/path-directives/rawPathPrefixTest.html]
[doc.akka.io/docs/akka-http/current/routing-dsl/directives/basic-directives/recoverRejections.html]
[doc.akka.io/docs/akka-http/current/routing-dsl/directives/basic-directives/recoverRejectionsWith.html]
[doc.akka.io/docs/akka-http/current/routing-dsl/directives/path-directives/redirectToNoTrailingSlashIfPresent.html]
[doc.akka.io/docs/akka-http/current/routing-dsl/directives/path-directives/redirectToTrailingSlashIfMissing.html]
[doc.akka.io/docs/akka-http/current/routing-dsl/directives/misc-directives/rejectEmptyResponse.html]
[doc.akka.io/docs/akka-http/current/routing-dsl/directives/coding-directives/requestEncodedWith.html]
[doc.akka.io/docs/akka-http/current/routing-dsl/directives/misc-directives/requestEntityEmpty.html]
[doc.akka.io/docs/akka-http/current/routing-dsl/directives/misc-directives/requestEntityPresent.html]
[doc.akka.io/docs/akka-http/current/routing-dsl/directives/respond-with-directives/respondWithDefaultHeader.html]
[doc.akka.io/docs/akka-http/current/routing-dsl/directives/respond-with-directives/respondWithDefaultHeaders.html]
[doc.akka.io/docs/akka-http/current/routing-dsl/directives/respond-with-directives/respondWithHeader.html]
[doc.akka.io/docs/akka-http/current/routing-dsl/directives/respond-with-directives/respondWithHeaders.html]
[doc.akka.io/docs/akka-http/current/routing-dsl/directives/coding-directives/responseEncodingAccepted.html]
[doc.akka.io/docs/akka-http/current/routing-dsl/directives/misc-directives/selectPreferredLanguage.html]
[doc.akka.io/docs/akka-http/current/routing-dsl/directives/cookie-directives/setCookie.html]
[doc.akka.io/docs/akka-http/current/routing-dsl/directives/file-upload-directives/storeUploadedFile.html]
[doc.akka.io/docs/akka-http/current/routing-dsl/directives/file-upload-directives/storeUploadedFiles.html]
[doc.akka.io/docs/akka-http/current/routing-dsl/directives/basic-directives/textract.html]
[doc.akka.io/docs/akka-http/current/routing-dsl/directives/basic-directives/tprovide.html]
[doc.akka.io/docs/akka-http/current/routing-dsl/directives/file-upload-directives/uploadedFile.html]
[doc.akka.io/docs/akka-http/current/routing-dsl/directives/misc-directives/validate.html]
[doc.akka.io/docs/akka-http/current/routing-dsl/directives/timeout-directives/withoutRequestTimeout.html]
[doc.akka.io/docs/akka-http/current/routing-dsl/directives/misc-directives/withoutSizeLimit.html]
[doc.akka.io/docs/akka-http/current/routing-dsl/directives/basic-directives/withExecutionContext.html]
[doc.akka.io/docs/akka-http/current/routing-dsl/directives/basic-directives/withLog.html]
[doc.akka.io/docs/akka-http/current/routing-dsl/directives/basic-directives/withMaterializer.html]
[doc.akka.io/docs/akka-http/current/routing-dsl/directives/coding-directives/withPrecompressedMediaTypeSupport.html]
[doc.akka.io/docs/akka-http/current/routing-dsl/directives/range-directives/withRangeSupport.html]
[doc.akka.io/docs/akka-http/current/routing-dsl/directives/timeout-directives/withRequestTimeout.html]
[doc.akka.io/docs/akka-http/current/routing-dsl/directives/timeout-directives/withRequestTimeoutResponse.html]
[doc.akka.io/docs/akka-http/current/routing-dsl/directives/basic-directives/withSettings.html]
[doc.akka.io/docs/akka-http/current/routing-dsl/directives/alphabetically.html]
[doc.akka.io/docs/akka-http/current/routing-dsl/directives/misc-directives/withSizeLimit.html]
[doc.akka.io/docs/akka-http/current/routing-dsl/directives/basic-directives/index.html]
[doc.akka.io/docs/akka-http/current/routing-dsl/directives/cache-condition-directives/index.html]
[doc.akka.io/docs/akka-http/current/routing-dsl/directives/cookie-directives/index.html]
[doc.akka.io/docs/akka-http/current/routing-dsl/directives/debugging-directives/index.html]
[doc.akka.io/docs/akka-http/current/routing-dsl/directives/execution-directives/index.html]
[doc.akka.io/docs/akka-http/current/routing-dsl/directives/file-and-resource-directives/index.html]
[doc.akka.io/docs/akka-http/current/routing-dsl/directives/form-field-directives/index.html]
[doc.akka.io/docs/akka-http/current/routing-dsl/directives/future-directives/index.html]
[doc.akka.io/docs/akka-http/current/routing-dsl/directives/header-directives/index.html]
[doc.akka.io/docs/akka-http/current/routing-dsl/directives/host-directives/index.html]
[doc.akka.io/docs/akka-http/current/routing-dsl/directives/misc-directives/index.html]
[doc.akka.io/docs/akka-http/current/routing-dsl/directives/range-directives/index.html]
[doc.akka.io/docs/akka-http/current/routing-dsl/directives/respond-with-directives/index.html]
[doc.akka.io/docs/akka-http/current/routing-dsl/directives/scheme-directives/index.html]
[doc.akka.io/docs/akka-http/current/routing-dsl/directives/security-directives/index.html]
[doc.akka.io/docs/akka-http/current/routing-dsl/directives/by-trait.html]
[doc.akka.io/docs/akka-http/current/routing-dsl/directives/custom-directives.html]
[doc.akka.io/docs/akka-http/current/routing-dsl/rejections.html]
[doc.akka.io/docs/akka-http/current/routing-dsl/exception-handling.html]
[doc.akka.io/docs/akka-http/current/routing-dsl/case-class-extraction.html]
[doc.akka.io/docs/akka-http/current/routing-dsl/source-streaming-support.html]
[doc.akka.io/docs/akka-http/current/routing-dsl/testkit.html]
[doc.akka.io/docs/akka-http/current/routing-dsl/HttpApp.html]
[img.shields.io/badge/akka--http-48-orange71dd.svg]
[doc.akka.io/docs/akka-http/current/sse-support.html]
[doc.akka.io/docs/akka-http/current/routing-dsl/directives/coding-directives/index.html]
[doc.akka.io/docs/akka-http/current/routing-dsl/directives/websocket-directives/index.html]
[doc.akka.io/docs/akka-http/current/routing-dsl/directives/path-directives/ignoreTrailingSlash.html]
[doc.akka.io/docs/akka-http/current/routing-dsl/directives/header-directives/headerValuePF.html]
[doc.akka.io/docs/akka-http/current/routing-dsl/path-matchers.html]
[doc.akka.io/docs/akka-http/current/routing-dsl/directives/basic-directives/extractActorSystem.html]
[doc.akka.io/docs/akka-http/current/routing-dsl/directives/basic-directives/extractStrictEntity.html]
[doc.akka.io/docs/akka-http/current/routing-dsl/directives/basic-directives/extractUri.html]
[doc.akka.io/docs/akka-http/current/routing-dsl/directives/scheme-directives/extractScheme.html]
[doc.akka.io/docs/akka-http/current/routing-dsl/directives/scheme-directives/scheme.html]
[doc.akka.io/docs/akka-http/current/routing-dsl/directives/path-directives/index.html]
[doc.akka.io/docs/akka-http/current/routing-dsl/directives/parameter-directives/index.html]
[doc.akka.io/docs/akka-http/current/routing-dsl/directives/parameter-directives/parameters.html]
[doc.akka.io/docs/akka-http/current/routing-dsl/directives/parameter-directives/parameter.html]
[doc.akka.io/docs/akka-http/current/routing-dsl/directives/route-directives/complete.html]
[doc.akka.io/docs/akka-http/current/routing-dsl/directives/marshalling-directives/index.html]
[doc.akka.io/docs/akka-http/current/routing-dsl/directives/marshalling-directives/entity.html]
[doc.akka.io/docs/akka-http/current/routing-dsl/directives/timeout-directives/index.html]
[doc.akka.io/docs/akka-http/current/routing-dsl/directives/caching-directives/index.html]
[doc.akka.io/docs/akka-http/current/routing-dsl/directives/file-upload-directives/index.html]
[doc.akka.io/docs/akka-http/current/routing-dsl/directives/websocket-directives/handleWebSocketMessages.html]
[doc.akka.io/docs/akka-http/current/routing-dsl/directives/route-directives/index.html]
[doc.akka.io/docs/akka-http/current/routing-dsl/directives/route-directives/reject.html]
[doc.akka.io/docs/akka-http/current/routing-dsl/directives/route-directives/redirect.html]
[doc.akka.io/docs/akka-http/current/routing-dsl/directives/execution-directives/handleRejections.html]
[doc.akka.io/docs/akka-http/current/routing-dsl/directives/execution-directives/handleExceptions.html]
[doc.akka.io/docs/akka-http/current/routing-dsl/directives/method-directives/get.html]
[doc.akka.io/docs/akka-http/current/routing-dsl/directives/method-directives/index.html]
[doc.akka.io/docs/akka-http/current/routing-dsl/directives/caching-directives/alwaysCache.html]
[doc.akka.io/docs/akka-http/current/routing-dsl/directives/security-directives/authenticateBasic.html]
[doc.akka.io/docs/akka-http/current/routing-dsl/directives/security-directives/authenticateBasicAsync.html]
[doc.akka.io/docs/akka-http/current/routing-dsl/directives/security-directives/authenticateBasicPF.html]
[doc.akka.io/docs/akka-http/current/routing-dsl/directives/security-directives/authenticateBasicPFAsync.html]
[doc.akka.io/docs/akka-http/current/routing-dsl/directives/security-directives/authenticateOAuth2.html]
[doc.akka.io/docs/akka-http/current/routing-dsl/directives/security-directives/authenticateOAuth2Async.html]
[doc.akka.io/docs/akka-http/current/routing-dsl/directives/security-directives/authenticateOAuth2PF.html]
[doc.akka.io/docs/akka-http/current/routing-dsl/directives/security-directives/authenticateOAuth2PFAsync.html]
[doc.akka.io/docs/akka-http/current/routing-dsl/directives/security-directives/authenticateOrRejectWithChallenge.html]
[doc.akka.io/docs/akka-http/current/routing-dsl/directives/security-directives/authorize.html]
[doc.akka.io/docs/akka-http/current/routing-dsl/directives/security-directives/authorizeAsync.html]
[doc.akka.io/docs/akka-http/current/routing-dsl/directives/caching-directives/cache.html]
[doc.akka.io/docs/akka-http/current/routing-dsl/directives/caching-directives/cachingProhibited.html]
[doc.akka.io/docs/akka-http/current/routing-dsl/directives/basic-directives/cancelRejection.html]
[doc.akka.io/docs/akka-http/current/routing-dsl/directives/basic-directives/cancelRejections.html]
[doc.akka.io/docs/akka-http/current/routing-dsl/directives/header-directives/checkSameOrigin.html]
[doc.akka.io/docs/akka-http/current/routing-dsl/directives/future-directives/completeOrRecoverWith.html]
[doc.akka.io/docs/akka-http/current/routing-dsl/directives/marshalling-directives/completeWith.html]
[doc.akka.io/docs/akka-http/current/routing-dsl/directives/cache-condition-directives/conditional.html]
[doc.akka.io/docs/akka-http/current/routing-dsl/directives/cookie-directives/cookie.html]
[doc.akka.io/docs/akka-http/current/routing-dsl/directives/coding-directives/decodeRequest.html]
[doc.akka.io/docs/akka-http/current/routing-dsl/directives/coding-directives/decodeRequestWith.html]
[doc.akka.io/docs/akka-http/current/routing-dsl/directives/method-directives/delete.html]
[doc.akka.io/docs/akka-http/current/routing-dsl/directives/cookie-directives/deleteCookie.html]
[doc.akka.io/docs/akka-http/current/routing-dsl/directives/coding-directives/encodeResponse.html]
[doc.akka.io/docs/akka-http/current/routing-dsl/directives/coding-directives/encodeResponseWith.html]
[doc.akka.io/docs/akka-http/current/routing-dsl/directives/basic-directives/extract.html]
[doc.akka.io/docs/akka-http/current/routing-dsl/directives/basic-directives/extractDataBytes.html]
[doc.akka.io/docs/akka-http/current/routing-dsl/directives/misc-directives/extractClientIP.html]
[doc.akka.io/docs/akka-http/current/routing-dsl/directives/security-directives/extractCredentials.html]
[doc.akka.io/docs/akka-http/current/routing-dsl/directives/basic-directives/extractExecutionContext.html]
[doc.akka.io/docs/akka-http/current/routing-dsl/directives/basic-directives/extractMatchedPath.html]
[doc.akka.io/docs/akka-http/current/routing-dsl/directives/basic-directives/extractMaterializer.html]
[doc.akka.io/docs/akka-http/current/routing-dsl/directives/host-directives/extractHost.html]
[doc.akka.io/docs/akka-http/current/routing-dsl/directives/basic-directives/extractLog.html]
[doc.akka.io/docs/akka-http/current/routing-dsl/directives/method-directives/extractMethod.html]
[doc.akka.io/docs/akka-http/current/routing-dsl/directives/websocket-directives/extractOfferedWsProtocols.html]
[doc.akka.io/docs/akka-http/current/routing-dsl/directives/basic-directives/extractParserSettings.html]
[doc.akka.io/docs/akka-http/current/routing-dsl/directives/basic-directives/extractRequest.html]
[doc.akka.io/docs/akka-http/current/routing-dsl/directives/basic-directives/extractRequestContext.html]
[doc.akka.io/docs/akka-http/current/routing-dsl/directives/basic-directives/extractRequestEntity.html]
[doc.akka.io/docs/akka-http/current/routing-dsl/directives/basic-directives/extractSettings.html]
[doc.akka.io/docs/akka-http/current/routing-dsl/directives/basic-directives/extractUnmatchedPath.html]
[doc.akka.io/docs/akka-http/current/routing-dsl/directives/websocket-directives/extractUpgradeToWebSocket.html]
[doc.akka.io/docs/akka-http/current/routing-dsl/directives/route-directives/failWith.html]
[doc.akka.io/docs/akka-http/current/routing-dsl/directives/file-upload-directives/fileUpload.html]
[doc.akka.io/docs/akka-http/current/routing-dsl/directives/file-upload-directives/fileUploadAll.html]
[doc.akka.io/docs/akka-http/current/routing-dsl/directives/form-field-directives/formField.html]
[doc.akka.io/docs/akka-http/current/routing-dsl/directives/form-field-directives/formFieldMap.html]
[doc.akka.io/docs/akka-http/current/routing-dsl/directives/form-field-directives/formFieldMultiMap.html]
[doc.akka.io/docs/akka-http/current/routing-dsl/directives/form-field-directives/formFields.html]
[doc.akka.io/docs/akka-http/current/routing-dsl/directives/form-field-directives/formFieldSeq.html]
[doc.akka.io/docs/akka-http/current/routing-dsl/directives/file-and-resource-directives/getFromBrowseableDirectories.html]
[doc.akka.io/docs/akka-http/current/routing-dsl/directives/basic-directives/toStrictEntity.html]
[doc.akka.io/docs/akka-http/current/routing-dsl/directives/file-and-resource-directives/getFromBrowseableDirectory.html]
[doc.akka.io/docs/akka-http/current/routing-dsl/directives/file-and-resource-directives/getFromDirectory.html]
[doc.akka.io/docs/akka-http/current/routing-dsl/directives/file-and-resource-directives/getFromFile.html]
[doc.akka.io/docs/akka-http/current/routing-dsl/directives/file-and-resource-directives/getFromResource.html]
[doc.akka.io/docs/akka-http/current/routing-dsl/directives/file-and-resource-directives/getFromResourceDirectory.html]
[doc.akka.io/docs/akka-http/current/routing-dsl/directives/websocket-directives/handleWebSocketMessagesForOptionalProtocol.html]
[doc.akka.io/docs/akka-http/current/routing-dsl/directives/websocket-directives/handleWebSocketMessagesForProtocol.html]
[doc.akka.io/docs/akka-http/current/routing-dsl/directives/marshalling-directives/handleWith.html]
[doc.akka.io/docs/akka-http/current/routing-dsl/directives/method-directives/head.html]
[doc.akka.io/docs/akka-http/current/routing-dsl/directives/header-directives/headerValue.html]
[doc.akka.io/docs/akka-http/current/routing-dsl/directives/header-directives/headerValueByName.html]
[doc.akka.io/docs/akka-http/current/routing-dsl/directives/header-directives/headerValueByType.html]
[doc.akka.io/docs/akka-http/current/routing-dsl/directives/host-directives/host.html]
[doc.akka.io/docs/akka-http/current/routing-dsl/directives/file-and-resource-directives/listDirectoryContents.html]
[doc.akka.io/docs/akka-http/current/routing-dsl/directives/debugging-directives/logRequest.html]
[doc.akka.io/docs/akka-http/current/routing-dsl/directives/debugging-directives/logRequestResult.html]
[doc.akka.io/docs/akka-http/current/routing-dsl/directives/debugging-directives/logResult.html]
[doc.akka.io/docs/akka-http/current/routing-dsl/directives/basic-directives/mapInnerRoute.html]
[doc.akka.io/docs/akka-http/current/routing-dsl/directives/basic-directives/mapRejections.html]
[doc.akka.io/docs/akka-http/current/routing-dsl/directives/basic-directives/mapRequest.html]
[doc.akka.io/docs/akka-http/current/routing-dsl/directives/basic-directives/mapRequestContext.html]
[doc.akka.io/docs/akka-http/current/routing-dsl/directives/basic-directives/mapResponse.html]
[doc.akka.io/docs/akka-http/current/routing-dsl/directives/basic-directives/mapResponseEntity.html]
[doc.akka.io/docs/akka-http/current/routing-dsl/directives/basic-directives/mapResponseHeaders.html]
[doc.akka.io/docs/akka-http/current/routing-dsl/directives/basic-directives/mapRouteResult.html]
[doc.akka.io/docs/akka-http/current/routing-dsl/directives/basic-directives/mapRouteResultFuture.html]
[doc.akka.io/docs/akka-http/current/routing-dsl/directives/basic-directives/mapRouteResultPF.html]
[doc.akka.io/docs/akka-http/current/routing-dsl/directives/basic-directives/mapRouteResultWith.html]
[doc.akka.io/docs/akka-http/current/routing-dsl/directives/basic-directives/mapRouteResultWithPF.html]
[doc.akka.io/docs/akka-http/current/routing-dsl/directives/basic-directives/mapSettings.html]
[doc.akka.io/docs/akka-http/current/routing-dsl/directives/basic-directives/mapUnmatchedPath.html]
[doc.akka.io/docs/akka-http/current/routing-dsl/directives/method-directives/method.html]
[doc.akka.io/docs/akka-http/current/routing-dsl/directives/future-directives/onComplete.html]
[doc.akka.io/docs/akka-http/current/routing-dsl/directives/future-directives/onCompleteWithBreaker.html]
[doc.akka.io/docs/akka-http/current/routing-dsl/directives/future-directives/onSuccess.html]
[doc.akka.io/docs/akka-http/current/routing-dsl/directives/cookie-directives/optionalCookie.html]
[doc.akka.io/docs/akka-http/current/routing-dsl/directives/header-directives/optionalHeaderValue.html]
[doc.akka.io/docs/akka-http/current/routing-dsl/directives/header-directives/optionalHeaderValueByName.html]
[doc.akka.io/docs/akka-http/current/routing-dsl/directives/header-directives/optionalHeaderValueByType.html]
[doc.akka.io/docs/akka-http/current/routing-dsl/directives/header-directives/optionalHeaderValuePF.html]
[doc.akka.io/docs/akka-http/current/routing-dsl/directives/method-directives/options.html]
[doc.akka.io/docs/akka-http/current/routing-dsl/directives/method-directives/overrideMethodWithParameter.html]
[doc.akka.io/docs/akka-http/current/routing-dsl/directives/parameter-directives/parameterMap.html]
[doc.akka.io/docs/akka-http/current/routing-dsl/directives/parameter-directives/parameterMultiMap.html]
[doc.akka.io/docs/akka-http/current/routing-dsl/directives/parameter-directives/parameterSeq.html]
[doc.akka.io/docs/akka-http/current/routing-dsl/directives/basic-directives/pass.html]
[doc.akka.io/docs/akka-http/current/routing-dsl/directives/method-directives/patch.html]
[doc.akka.io/docs/akka-http/current/routing-dsl/directives/path-directives/path.html]
[doc.akka.io/docs/akka-http/current/routing-dsl/directives/path-directives/pathEnd.html]
[doc.akka.io/docs/akka-http/current/routing-dsl/directives/path-directives/pathEndOrSingleSlash.html]
[doc.akka.io/docs/akka-http/current/routing-dsl/directives/path-directives/pathPrefix.html]
[doc.akka.io/docs/akka-http/current/routing-dsl/directives/path-directives/pathPrefixTest.html]
[doc.akka.io/docs/akka-http/current/routing-dsl/directives/path-directives/pathSingleSlash.html]
[doc.akka.io/docs/akka-http/current/routing-dsl/directives/path-directives/pathSuffix.html]
[doc.akka.io/docs/akka-http/current/routing-dsl/directives/path-directives/pathSuffixTest.html]
[doc.akka.io/docs/akka-http/current/routing-dsl/directives/method-directives/post.html]
[doc.akka.io/docs/akka-http/current/routing-dsl/directives/basic-directives/provide.html]
[doc.akka.io/docs/akka-http/current/routing-dsl/directives/method-directives/put.html]
[doc.akka.io/docs/akka-http/current/routing-dsl/directives/path-directives/rawPathPrefix.html]
[doc.akka.io/docs/akka-http/current/routing-dsl/directives/path-directives/rawPathPrefixTest.html]
[doc.akka.io/docs/akka-http/current/routing-dsl/directives/basic-directives/recoverRejections.html]
[doc.akka.io/docs/akka-http/current/routing-dsl/directives/basic-directives/recoverRejectionsWith.html]
[doc.akka.io/docs/akka-http/current/routing-dsl/directives/path-directives/redirectToNoTrailingSlashIfPresent.html]
[doc.akka.io/docs/akka-http/current/routing-dsl/directives/path-directives/redirectToTrailingSlashIfMissing.html]
[doc.akka.io/docs/akka-http/current/routing-dsl/directives/misc-directives/rejectEmptyResponse.html]
[doc.akka.io/docs/akka-http/current/routing-dsl/directives/coding-directives/requestEncodedWith.html]
[doc.akka.io/docs/akka-http/current/routing-dsl/directives/misc-directives/requestEntityEmpty.html]
[doc.akka.io/docs/akka-http/current/routing-dsl/directives/misc-directives/requestEntityPresent.html]
[doc.akka.io/docs/akka-http/current/routing-dsl/directives/respond-with-directives/respondWithDefaultHeader.html]
[doc.akka.io/docs/akka-http/current/routing-dsl/directives/respond-with-directives/respondWithDefaultHeaders.html]
[doc.akka.io/docs/akka-http/current/routing-dsl/directives/respond-with-directives/respondWithHeader.html]
[doc.akka.io/docs/akka-http/current/routing-dsl/directives/respond-with-directives/respondWithHeaders.html]
[doc.akka.io/docs/akka-http/current/routing-dsl/directives/coding-directives/responseEncodingAccepted.html]
[doc.akka.io/docs/akka-http/current/routing-dsl/directives/misc-directives/selectPreferredLanguage.html]
[doc.akka.io/docs/akka-http/current/routing-dsl/directives/cookie-directives/setCookie.html]
[doc.akka.io/docs/akka-http/current/routing-dsl/directives/file-upload-directives/storeUploadedFile.html]
[doc.akka.io/docs/akka-http/current/routing-dsl/directives/file-upload-directives/storeUploadedFiles.html]
[doc.akka.io/docs/akka-http/current/routing-dsl/directives/basic-directives/textract.html]
[doc.akka.io/docs/akka-http/current/routing-dsl/directives/basic-directives/tprovide.html]
[doc.akka.io/docs/akka-http/current/routing-dsl/directives/file-upload-directives/uploadedFile.html]
[doc.akka.io/docs/akka-http/current/routing-dsl/directives/misc-directives/validate.html]
[doc.akka.io/docs/akka-http/current/routing-dsl/directives/timeout-directives/withoutRequestTimeout.html]
[doc.akka.io/docs/akka-http/current/routing-dsl/directives/misc-directives/withoutSizeLimit.html]
[doc.akka.io/docs/akka-http/current/routing-dsl/directives/basic-directives/withExecutionContext.html]
[doc.akka.io/docs/akka-http/current/routing-dsl/directives/basic-directives/withLog.html]
[doc.akka.io/docs/akka-http/current/routing-dsl/directives/basic-directives/withMaterializer.html]
[doc.akka.io/docs/akka-http/current/routing-dsl/directives/coding-directives/withPrecompressedMediaTypeSupport.html]
[doc.akka.io/docs/akka-http/current/routing-dsl/directives/range-directives/withRangeSupport.html]
[doc.akka.io/docs/akka-http/current/routing-dsl/directives/timeout-directives/withRequestTimeout.html]
[doc.akka.io/docs/akka-http/current/routing-dsl/directives/timeout-directives/withRequestTimeoutResponse.html]
[doc.akka.io/docs/akka-http/current/routing-dsl/directives/basic-directives/withSettings.html]
[doc.akka.io/docs/akka-http/current/routing-dsl/directives/misc-directives/withSizeLimit.html]
[doc.akka.io/docs/akka-http/current/routing-dsl/directives/basic-directives/index.html]
[doc.akka.io/docs/akka-http/current/routing-dsl/directives/cache-condition-directives/index.html]
[doc.akka.io/docs/akka-http/current/routing-dsl/directives/cookie-directives/index.html]
[doc.akka.io/docs/akka-http/current/routing-dsl/directives/debugging-directives/index.html]
[doc.akka.io/docs/akka-http/current/routing-dsl/directives/execution-directives/index.html]
[doc.akka.io/docs/akka-http/current/routing-dsl/directives/file-and-resource-directives/index.html]
[doc.akka.io/docs/akka-http/current/routing-dsl/directives/form-field-directives/index.html]
[doc.akka.io/docs/akka-http/current/routing-dsl/directives/future-directives/index.html]
[doc.akka.io/docs/akka-http/current/routing-dsl/directives/header-directives/index.html]
[doc.akka.io/docs/akka-http/current/routing-dsl/directives/host-directives/index.html]
[doc.akka.io/docs/akka-http/current/routing-dsl/directives/misc-directives/index.html]
[doc.akka.io/docs/akka-http/current/routing-dsl/directives/range-directives/index.html]
[doc.akka.io/docs/akka-http/current/routing-dsl/directives/respond-with-directives/index.html]
[doc.akka.io/docs/akka-http/current/routing-dsl/directives/scheme-directives/index.html]
[doc.akka.io/docs/akka-http/current/routing-dsl/directives/security-directives/index.html]
[doc.akka.io/docs/akka-http/current/routing-dsl/directives/websocket-directives/index.html]
[doc.akka.io/docs/akka-http/current/routing-dsl/path-matchers.html]
[doc.akka.io/docs/akka-http/current/routing-dsl/directives/basic-directives/extractActorSystem.html]
[doc.akka.io/docs/akka-http/current/routing-dsl/directives/basic-directives/extractStrictEntity.html]
[doc.akka.io/docs/akka-http/current/routing-dsl/directives/basic-directives/toStrictEntity.html]
[doc.akka.io/docs/akka-http/current/akka-http-file-listing.png]
