[doc.akka.io/docs/akka/current/index.html]
[backblue.gif]
[fade.gif]
[index.html]
[doc.akka.io/docs/akka/current/lib/jquery/jquery.min.js]
[doc.akka.io/docs/akka/current/lib/foundation/dist/js/foundation.min.js]
[doc.akka.io/docs/akka/current/lib/normalize.css/normalize.css]
[doc.akka.io/docs/akka/current/lib/foundation/dist/css/foundation.min.css]
[cdn.jsdelivr.net/docsearch.js/2/docsearch.min.css]
[doc.akka.io/docs/akka/current/css/icons.css]
[doc.akka.io/docs/akka/current/css/page.css]
[doc.akka.io/docs/akka/current/images/favicon.ico]
[doc.akka.io/docs/akka/current/images/apple-touch-icon.png]
[doc.akka.io/docs/akka/current/images/favicon-32x32.png]
[doc.akka.io/docs/akka/current/images/favicon-16x16.png]
[doc.akka.io/docs/akka/current/images/manifest.json]
[optanon.blob.core.windows.net/consent/159bb13d-6748-4399-806e-ac28db879785.js]
[www.google-analytics.com/analytics.js]
[munchkin.marketo.net/munchkin.js]
[doc.akka.io/docs/akka/current/images/akka-logo-reverse.svg]
[doc.akka.io/docs/akka/current/security/index.html]
[doc.akka.io/docs/akka/current/guide/index.html]
[doc.akka.io/docs/akka/current/general/index.html]
[doc.akka.io/docs/akka/current/index-actors.html]
[doc.akka.io/docs/akka/current/typed/index.html]
[doc.akka.io/docs/akka/current/index-cluster.html]
[doc.akka.io/docs/akka/current/stream/index.html]
[doc.akka.io/docs/akka/current/index-network.html]
[doc.akka.io/docs/akka/current/discovery/index.html]
[doc.akka.io/docs/akka/current/coordination.html]
[doc.akka.io/docs/akka/current/index-futures.html]
[doc.akka.io/docs/akka/current/index-utilities.html]
[doc.akka.io/docs/akka/current/common/other-modules.html]
[doc.akka.io/docs/akka/current/howto.html]
[doc.akka.io/docs/akka/current/project/index.html]
[doc.akka.io/docs/akka/current/additional/index.html]
[doc.akka.io/docs/akka/current/security/2017-02-10-java-serialization.html]
[doc.akka.io/docs/akka/current/security/2017-08-09-camel.html]
[doc.akka.io/docs/akka/current/security/2018-08-29-aes-rng.html]
[doc.akka.io/docs/akka/current/guide/introduction.html]
[doc.akka.io/docs/akka/current/guide/actors-motivation.html]
[doc.akka.io/docs/akka/current/guide/actors-intro.html]
[doc.akka.io/docs/akka/current/guide/modules.html]
[doc.akka.io/docs/akka/current/guide/tutorial.html]
[doc.akka.io/docs/akka/current/guide/tutorial_1.html]
[doc.akka.io/docs/akka/current/guide/tutorial_2.html]
[doc.akka.io/docs/akka/current/guide/tutorial_3.html]
[doc.akka.io/docs/akka/current/guide/tutorial_4.html]
[doc.akka.io/docs/akka/current/guide/tutorial_5.html]
[doc.akka.io/docs/akka/current/general/terminology.html]
[doc.akka.io/docs/akka/current/general/actor-systems.html]
[doc.akka.io/docs/akka/current/general/actors.html]
[doc.akka.io/docs/akka/current/general/supervision.html]
[doc.akka.io/docs/akka/current/general/addressing.html]
[doc.akka.io/docs/akka/current/general/remoting.html]
[doc.akka.io/docs/akka/current/general/jmm.html]
[doc.akka.io/docs/akka/current/general/message-delivery-reliability.html]
[doc.akka.io/docs/akka/current/general/configuration.html]
[doc.akka.io/docs/akka/current/actors.html]
[doc.akka.io/docs/akka/current/fault-tolerance.html]
[doc.akka.io/docs/akka/current/dispatchers.html]
[doc.akka.io/docs/akka/current/mailboxes.html]
[doc.akka.io/docs/akka/current/routing.html]
[doc.akka.io/docs/akka/current/fsm.html]
[doc.akka.io/docs/akka/current/persistence.html]
[doc.akka.io/docs/akka/current/persistence-schema-evolution.html]
[doc.akka.io/docs/akka/current/persistence-query.html]
[doc.akka.io/docs/akka/current/persistence-query-leveldb.html]
[doc.akka.io/docs/akka/current/persistence-fsm.html]
[doc.akka.io/docs/akka/current/persistence-journals.html]
[doc.akka.io/docs/akka/current/testing.html]
[doc.akka.io/docs/akka/current/typed/guide/index.html]
[doc.akka.io/docs/akka/current/typed/actors.html]
[doc.akka.io/docs/akka/current/typed/dispatchers.html]
[doc.akka.io/docs/akka/current/typed/coexisting.html]
[doc.akka.io/docs/akka/current/typed/actor-lifecycle.html]
[doc.akka.io/docs/akka/current/typed/interaction-patterns.html]
[doc.akka.io/docs/akka/current/typed/fault-tolerance.html]
[doc.akka.io/docs/akka/current/typed/actor-discovery.html]
[doc.akka.io/docs/akka/current/typed/routers.html]
[doc.akka.io/docs/akka/current/typed/stash.html]
[doc.akka.io/docs/akka/current/typed/stream.html]
[doc.akka.io/docs/akka/current/typed/cluster.html]
[doc.akka.io/docs/akka/current/typed/distributed-data.html]
[doc.akka.io/docs/akka/current/typed/cluster-singleton.html]
[doc.akka.io/docs/akka/current/typed/cluster-sharding.html]
[doc.akka.io/docs/akka/current/typed/persistence.html]
[doc.akka.io/docs/akka/current/typed/fsm.html]
[doc.akka.io/docs/akka/current/typed/testing.html]
[doc.akka.io/docs/akka/current/common/cluster.html]
[doc.akka.io/docs/akka/current/cluster-usage.html]
[doc.akka.io/docs/akka/current/cluster-routing.html]
[doc.akka.io/docs/akka/current/cluster-singleton.html]
[doc.akka.io/docs/akka/current/distributed-pub-sub.html]
[doc.akka.io/docs/akka/current/cluster-client.html]
[doc.akka.io/docs/akka/current/cluster-sharding.html]
[doc.akka.io/docs/akka/current/cluster-metrics.html]
[doc.akka.io/docs/akka/current/distributed-data.html]
[doc.akka.io/docs/akka/current/cluster-dc.html]
[doc.akka.io/docs/akka/current/multi-jvm-testing.html]
[doc.akka.io/docs/akka/current/multi-node-testing.html]
[doc.akka.io/docs/akka/current/stream/stream-introduction.html]
[doc.akka.io/docs/akka/current/stream/stream-quickstart.html]
[doc.akka.io/docs/akka/current/general/stream/stream-design.html]
[doc.akka.io/docs/akka/current/stream/stream-flows-and-basics.html]
[doc.akka.io/docs/akka/current/stream/stream-graphs.html]
[doc.akka.io/docs/akka/current/stream/stream-composition.html]
[doc.akka.io/docs/akka/current/stream/stream-rate.html]
[doc.akka.io/docs/akka/current/stream/stream-dynamic.html]
[doc.akka.io/docs/akka/current/stream/stream-customize.html]
[doc.akka.io/docs/akka/current/stream/stream-integrations.html]
[doc.akka.io/docs/akka/current/stream/stream-error.html]
[doc.akka.io/docs/akka/current/stream/stream-io.html]
[doc.akka.io/docs/akka/current/stream/stream-refs.html]
[doc.akka.io/docs/akka/current/stream/stream-parallelism.html]
[doc.akka.io/docs/akka/current/stream/stream-testkit.html]
[doc.akka.io/docs/akka/current/stream/stream-substream.html]
[doc.akka.io/docs/akka/current/stream/stream-cookbook.html]
[doc.akka.io/docs/akka/current/general/stream/stream-configuration.html]
[doc.akka.io/docs/akka/current/stream/operators/index.html]
[doc.akka.io/docs/akka/current/remoting.html]
[doc.akka.io/docs/akka/current/remoting-artery.html]
[doc.akka.io/docs/akka/current/serialization.html]
[doc.akka.io/docs/akka/current/io.html]
[doc.akka.io/docs/akka/current/io-tcp.html]
[doc.akka.io/docs/akka/current/io-udp.html]
[doc.akka.io/docs/akka/current/io-dns.html]
[doc.akka.io/docs/akka/current/camel.html]
[doc.akka.io/docs/akka/current/futures.html]
[doc.akka.io/docs/akka/current/agents.html]
[doc.akka.io/docs/akka/current/event-bus.html]
[doc.akka.io/docs/akka/current/logging.html]
[doc.akka.io/docs/akka/current/scheduler.html]
[doc.akka.io/docs/akka/current/common/duration.html]
[doc.akka.io/docs/akka/current/common/circuitbreaker.html]
[doc.akka.io/docs/akka/current/java8-compat.html]
[doc.akka.io/docs/akka/current/extending-akka.html]
[doc.akka.io/docs/akka/current/project/migration-guides.html]
[doc.akka.io/docs/akka/current/project/rolling-update.html]
[doc.akka.io/docs/akka/current/project/issue-tracking.html]
[doc.akka.io/docs/akka/current/project/licenses.html]
[doc.akka.io/docs/akka/current/project/links.html]
[doc.akka.io/docs/akka/current/common/binary-compatibility-rules.html]
[doc.akka.io/docs/akka/current/common/may-change.html]
[doc.akka.io/docs/akka/current/additional/deploy.html]
[doc.akka.io/docs/akka/current/additional/faq.html]
[doc.akka.io/docs/akka/current/additional/ide.html]
[doc.akka.io/docs/akka/current/additional/books.html]
[doc.akka.io/docs/akka/current/additional/osgi.html]
[doc.akka.io/docs/akka/current/images/akka-icon.svg]
[doc.akka.io/docs/akka/current/js/scrollsneak.js]
[doc.akka.io/docs/akka/current/js/groups.js]
[doc.akka.io/docs/akka/current/js/page.js]
[doc.akka.io/docs/akka/current/js/magellan.js]
[doc.akka.io/docs/akka/current/lib/prettify/prettify.css]
[doc.akka.io/docs/akka/current/lib/prettify/prettify.js]
[doc.akka.io/docs/akka/current/lib/prettify/lang-scala.js]
[cdn.jsdelivr.net/docsearch.js/2/docsearch.min.js]
[doc.akka.io/docs/akka/current/assets/js/warnOldDocs.js]
[doc.akka.io/docs/akka/current/assets/js/scalafiddle.js]
[doc.akka.io/docs/akka/current/index.html]
[doc.akka.io/docs/akka/current/lib/normalize.css/normalize.css]
[doc.akka.io/docs/akka/current/lib/foundation/dist/css/foundation.min.css]
[cdn.jsdelivr.net/docsearch.js/2/docsearch.min.css]
[doc.akka.io/docs/akka/current/css/fonts/iconsc81e.eot]
[doc.akka.io/docs/akka/current/css/fonts/iconsc81e.woff]
[doc.akka.io/docs/akka/current/css/fonts/iconsc81e.svg]
[doc.akka.io/docs/akka/current/css/icons.css]
[doc.akka.io/docs/akka/current/css/fonts/proxima-nova-regular.eot]
[doc.akka.io/docs/akka/current/css/fonts/proxima-nova-regulard41d.eot]
[doc.akka.io/docs/akka/current/css/fonts/proxima-nova-regular.woff]
[doc.akka.io/docs/akka/current/css/fonts/proxima-nova-bold.eot]
[doc.akka.io/docs/akka/current/css/fonts/proxima-nova-boldd41d.eot]
[doc.akka.io/docs/akka/current/css/fonts/proxima-nova-bold.woff]
[doc.akka.io/docs/akka/current/css/fonts/source-code-pro-regular.eot]
[doc.akka.io/docs/akka/current/css/fonts/source-code-pro-regulard41d.eot]
[doc.akka.io/docs/akka/current/css/fonts/source-code-pro-regular.woff]
[doc.akka.io/docs/akka/current/images/header-background.jpg]
[doc.akka.io/docs/akka/current/css/page.css]
[optanon.blob.core.windows.net/consent/159bb13d-6748-4399-806e-ac28db879785.js]
[munchkin.marketo.net/munchkin.js]
[doc.akka.io/docs/akka/current/images/akka-logo-reverse.svg]
[doc.akka.io/cdn-cgi/scripts/5c5dd728/cloudflare-static/email-decode.min.js]
[doc.akka.io/docs/akka/current/security/index.html]
[doc.akka.io/docs/akka/current/guide/index.html]
[doc.akka.io/docs/akka/current/general/index.html]
[doc.akka.io/docs/akka/current/index-actors.html]
[doc.akka.io/docs/akka/current/typed/guide/introduction.html]
[doc.akka.io/docs/akka/current/typed/guide/actors-motivation.html]
[doc.akka.io/docs/akka/current/typed/guide/actors-intro.html]
[doc.akka.io/docs/akka/current/typed/guide/modules.html]
[doc.akka.io/docs/akka/current/typed/guide/tutorial.html]
[doc.akka.io/docs/akka/current/typed/guide/tutorial_1.html]
[doc.akka.io/docs/akka/current/typed/guide/tutorial_2.html]
[doc.akka.io/docs/akka/current/typed/guide/tutorial_3.html]
[doc.akka.io/docs/akka/current/typed/guide/tutorial_4.html]
[doc.akka.io/docs/akka/current/typed/guide/tutorial_5.html]
[doc.akka.io/docs/akka/current/typed/persistence-style.html]
[doc.akka.io/docs/akka/current/typed/persistence-snapshot.html]
[doc.akka.io/docs/akka/current/typed/index.html]
[doc.akka.io/docs/akka/current/index-cluster.html]
[doc.akka.io/docs/akka/current/stream/operators/Source/combine.html]
[doc.akka.io/docs/akka/current/stream/operators/Source/asSourceWithContext.html]
[doc.akka.io/docs/akka/current/stream/operators/Source/fromPublisher.html]
[doc.akka.io/docs/akka/current/stream/operators/Source/fromIterator.html]
[doc.akka.io/docs/akka/current/stream/operators/Source/cycle.html]
[doc.akka.io/docs/akka/current/stream/operators/Source-or-Flow/setup.html]
[doc.akka.io/docs/akka/current/stream/operators/Source/fromFuture.html]
[doc.akka.io/docs/akka/current/stream/operators/Source/fromCompletionStage.html]
[doc.akka.io/docs/akka/current/stream/operators/Source/fromFutureSource.html]
[doc.akka.io/docs/akka/current/stream/operators/Source/fromSourceCompletionStage.html]
[doc.akka.io/docs/akka/current/stream/operators/Source/tick.html]
[doc.akka.io/docs/akka/current/stream/operators/Source/single.html]
[doc.akka.io/docs/akka/current/stream/operators/Source/repeat.html]
[doc.akka.io/docs/akka/current/stream/operators/Source/unfold.html]
[doc.akka.io/docs/akka/current/stream/operators/Source/unfoldAsync.html]
[doc.akka.io/docs/akka/current/stream/operators/Source/empty.html]
[doc.akka.io/docs/akka/current/stream/operators/Source/maybe.html]
[doc.akka.io/docs/akka/current/stream/operators/Source/failed.html]
[doc.akka.io/docs/akka/current/stream/operators/Source/lazily.html]
[doc.akka.io/docs/akka/current/stream/operators/Source/lazilyAsync.html]
[doc.akka.io/docs/akka/current/stream/operators/Source/asSubscriber.html]
[doc.akka.io/docs/akka/current/stream/operators/Source/actorRef.html]
[doc.akka.io/docs/akka/current/stream/operators/Source/actorRefWithAck.html]
[doc.akka.io/docs/akka/current/stream/operators/Source/zipN.html]
[doc.akka.io/docs/akka/current/stream/operators/Source/zipWithN.html]
[doc.akka.io/docs/akka/current/stream/operators/Source/queue.html]
[doc.akka.io/docs/akka/current/stream/operators/Source/unfoldResource.html]
[doc.akka.io/docs/akka/current/stream/operators/Source/unfoldResourceAsync.html]
[doc.akka.io/docs/akka/current/stream/operators/Source/from.html]
[doc.akka.io/docs/akka/current/stream/operators/Source/range.html]
[doc.akka.io/docs/akka/current/stream/operators/Source-or-Flow/concat.html]
[doc.akka.io/docs/akka/current/stream/operators/Source-or-Flow/prepend.html]
[doc.akka.io/docs/akka/current/stream/operators/Source-or-Flow/orElse.html]
[doc.akka.io/docs/akka/current/stream/operators/Source-or-Flow/alsoTo.html]
[doc.akka.io/docs/akka/current/stream/operators/Source-or-Flow/divertTo.html]
[doc.akka.io/docs/akka/current/stream/operators/Source-or-Flow/wireTap.html]
[doc.akka.io/docs/akka/current/stream/operators/Source-or-Flow/interleave.html]
[doc.akka.io/docs/akka/current/stream/operators/Source-or-Flow/merge.html]
[doc.akka.io/docs/akka/current/stream/operators/Source-or-Flow/mergeSorted.html]
[doc.akka.io/docs/akka/current/stream/operators/Source-or-Flow/zip.html]
[doc.akka.io/docs/akka/current/stream/operators/Source-or-Flow/zipLatest.html]
[doc.akka.io/docs/akka/current/stream/operators/Source-or-Flow/zipWith.html]
[doc.akka.io/docs/akka/current/stream/operators/Source-or-Flow/zipLatestWith.html]
[doc.akka.io/docs/akka/current/stream/operators/Source-or-Flow/zipWithIndex.html]
[doc.akka.io/docs/akka/current/stream/operators/Source-or-Flow/map.html]
[doc.akka.io/docs/akka/current/stream/operators/Source-or-Flow/recover.html]
[doc.akka.io/docs/akka/current/stream/operators/Source-or-Flow/mapError.html]
[doc.akka.io/docs/akka/current/stream/operators/Source-or-Flow/recoverWith.html]
[doc.akka.io/docs/akka/current/stream/operators/Source-or-Flow/recoverWithRetries.html]
[doc.akka.io/docs/akka/current/stream/operators/Source-or-Flow/mapConcat.html]
[doc.akka.io/docs/akka/current/stream/operators/Source-or-Flow/statefulMapConcat.html]
[doc.akka.io/docs/akka/current/stream/operators/Source-or-Flow/mapAsync.html]
[doc.akka.io/docs/akka/current/stream/operators/Source-or-Flow/mapAsyncUnordered.html]
[doc.akka.io/docs/akka/current/stream/operators/Source-or-Flow/ask.html]
[doc.akka.io/docs/akka/current/stream/operators/Source-or-Flow/watch.html]
[doc.akka.io/docs/akka/current/stream/operators/Source-or-Flow/filter.html]
[doc.akka.io/docs/akka/current/stream/operators/Source-or-Flow/filterNot.html]
[doc.akka.io/docs/akka/current/stream/operators/Source-or-Flow/collect.html]
[doc.akka.io/docs/akka/current/stream/operators/Source-or-Flow/collectType.html]
[doc.akka.io/docs/akka/current/stream/operators/Source-or-Flow/grouped.html]
[doc.akka.io/docs/akka/current/stream/operators/Source-or-Flow/limit.html]
[doc.akka.io/docs/akka/current/stream/operators/Source-or-Flow/limitWeighted.html]
[doc.akka.io/docs/akka/current/stream/operators/Source-or-Flow/sliding.html]
[doc.akka.io/docs/akka/current/stream/operators/Source-or-Flow/scan.html]
[doc.akka.io/docs/akka/current/stream/operators/Source-or-Flow/scanAsync.html]
[doc.akka.io/docs/akka/current/stream/operators/Source-or-Flow/fold.html]
[doc.akka.io/docs/akka/current/stream/operators/Source-or-Flow/foldAsync.html]
[doc.akka.io/docs/akka/current/stream/operators/Source-or-Flow/reduce.html]
[doc.akka.io/docs/akka/current/stream/operators/Source-or-Flow/intersperse.html]
[doc.akka.io/docs/akka/current/stream/operators/Source-or-Flow/groupedWithin.html]
[doc.akka.io/docs/akka/current/stream/operators/Source-or-Flow/groupedWeightedWithin.html]
[doc.akka.io/docs/akka/current/stream/operators/Source-or-Flow/delay.html]
[doc.akka.io/docs/akka/current/stream/operators/Source-or-Flow/drop.html]
[doc.akka.io/docs/akka/current/stream/operators/Source-or-Flow/dropWithin.html]
[doc.akka.io/docs/akka/current/stream/operators/Source-or-Flow/takeWhile.html]
[doc.akka.io/docs/akka/current/stream/operators/Source-or-Flow/dropWhile.html]
[doc.akka.io/docs/akka/current/stream/operators/Source-or-Flow/take.html]
[doc.akka.io/docs/akka/current/stream/operators/Source-or-Flow/takeWithin.html]
[doc.akka.io/docs/akka/current/stream/operators/Source-or-Flow/conflateWithSeed.html]
[doc.akka.io/docs/akka/current/stream/operators/Source-or-Flow/conflate.html]
[doc.akka.io/docs/akka/current/stream/operators/Source-or-Flow/batch.html]
[doc.akka.io/docs/akka/current/stream/operators/Source-or-Flow/batchWeighted.html]
[doc.akka.io/docs/akka/current/stream/operators/Source-or-Flow/expand.html]
[doc.akka.io/docs/akka/current/stream/operators/Source-or-Flow/extrapolate.html]
[doc.akka.io/docs/akka/current/stream/operators/Source-or-Flow/buffer.html]
[doc.akka.io/docs/akka/current/stream/operators/Source-or-Flow/prefixAndTail.html]
[doc.akka.io/docs/akka/current/stream/operators/Source-or-Flow/groupBy.html]
[doc.akka.io/docs/akka/current/stream/operators/Source-or-Flow/splitWhen.html]
[doc.akka.io/docs/akka/current/stream/operators/Source-or-Flow/splitAfter.html]
[doc.akka.io/docs/akka/current/stream/operators/Source-or-Flow/flatMapConcat.html]
[doc.akka.io/docs/akka/current/stream/operators/Source-or-Flow/flatMapMerge.html]
[doc.akka.io/docs/akka/current/stream/operators/Source-or-Flow/initialTimeout.html]
[doc.akka.io/docs/akka/current/stream/operators/Source-or-Flow/completionTimeout.html]
[doc.akka.io/docs/akka/current/stream/operators/Source-or-Flow/idleTimeout.html]
[doc.akka.io/docs/akka/current/stream/operators/Source-or-Flow/backpressureTimeout.html]
[doc.akka.io/docs/akka/current/stream/operators/Source-or-Flow/keepAlive.html]
[doc.akka.io/docs/akka/current/stream/operators/Source-or-Flow/throttle.html]
[doc.akka.io/docs/akka/current/stream/operators/Source-or-Flow/detach.html]
[doc.akka.io/docs/akka/current/stream/operators/Source-or-Flow/watchTermination.html]
[doc.akka.io/docs/akka/current/stream/operators/Source-or-Flow/monitor.html]
[doc.akka.io/docs/akka/current/stream/operators/Source-or-Flow/initialDelay.html]
[doc.akka.io/docs/akka/current/stream/operators/Source-or-Flow/log.html]
[doc.akka.io/docs/akka/current/stream/operators/Flow/asFlowWithContext.html]
[doc.akka.io/docs/akka/current/stream/operators/Flow/fromSinkAndSource.html]
[doc.akka.io/docs/akka/current/stream/operators/Flow/fromSinkAndSourceCoupled.html]
[doc.akka.io/docs/akka/current/stream/operators/Flow/lazyInitAsync.html]
[doc.akka.io/docs/akka/current/stream/operators/Sink/preMaterialize.html]
[doc.akka.io/docs/akka/current/stream/operators/Sink/setup.html]
[doc.akka.io/docs/akka/current/stream/operators/Sink/fromSubscriber.html]
[doc.akka.io/docs/akka/current/stream/operators/Sink/cancelled.html]
[doc.akka.io/docs/akka/current/stream/operators/Sink/head.html]
[doc.akka.io/docs/akka/current/stream/operators/Sink/headOption.html]
[doc.akka.io/docs/akka/current/stream/operators/Sink/last.html]
[doc.akka.io/docs/akka/current/stream/operators/Sink/lastOption.html]
[doc.akka.io/docs/akka/current/stream/operators/Sink/takeLast.html]
[doc.akka.io/docs/akka/current/stream/operators/Sink/seq.html]
[doc.akka.io/docs/akka/current/stream/operators/Sink/asPublisher.html]
[doc.akka.io/docs/akka/current/stream/operators/Sink/ignore.html]
[doc.akka.io/docs/akka/current/stream/operators/Sink/foreach.html]
[doc.akka.io/docs/akka/current/stream/operators/Sink/foreachAsync.html]
[doc.akka.io/docs/akka/current/stream/operators/Sink/combine.html]
[doc.akka.io/docs/akka/current/stream/operators/Sink/foreachParallel.html]
[doc.akka.io/docs/akka/current/stream/operators/Sink/fold.html]
[doc.akka.io/docs/akka/current/stream/operators/Sink/reduce.html]
[doc.akka.io/docs/akka/current/stream/operators/Sink/onComplete.html]
[doc.akka.io/docs/akka/current/stream/operators/Sink/actorRef.html]
[doc.akka.io/docs/akka/current/stream/operators/Sink/actorRefWithAck.html]
[doc.akka.io/docs/akka/current/stream/operators/Sink/queue.html]
[doc.akka.io/docs/akka/current/stream/operators/Sink/lazyInitAsync.html]
[doc.akka.io/docs/akka/current/stream/operators/StreamConverters/fromInputStream.html]
[doc.akka.io/docs/akka/current/stream/operators/StreamConverters/asOutputStream.html]
[doc.akka.io/docs/akka/current/stream/operators/StreamConverters/fromOutputStream.html]
[doc.akka.io/docs/akka/current/stream/operators/StreamConverters/asInputStream.html]
[doc.akka.io/docs/akka/current/stream/operators/StreamConverters/javaCollector.html]
[doc.akka.io/docs/akka/current/stream/operators/StreamConverters/javaCollectorParallelUnordered.html]
[doc.akka.io/docs/akka/current/stream/operators/StreamConverters/asJavaStream.html]
[doc.akka.io/docs/akka/current/stream/operators/StreamConverters/fromJavaStream.html]
[doc.akka.io/docs/akka/current/stream/operators/FileIO/fromFile.html]
[doc.akka.io/docs/akka/current/stream/operators/FileIO/fromPath.html]
[doc.akka.io/docs/akka/current/stream/operators/FileIO/toFile.html]
[doc.akka.io/docs/akka/current/stream/operators/FileIO/toPath.html]
[doc.akka.io/docs/akka/current/stream/operators/RestartSource/withBackoff.html]
[doc.akka.io/docs/akka/current/stream/operators/RestartSource/onFailuresWithBackoff.html]
[doc.akka.io/docs/akka/current/stream/operators/RestartFlow/withBackoff.html]
[doc.akka.io/docs/akka/current/stream/operators/RestartFlow/onFailuresWithBackoff.html]
[doc.akka.io/docs/akka/current/stream/operators/RestartSink/withBackoff.html]
[doc.akka.io/docs/akka/current/stream/operators/ActorSource/actorRefWithAck.html]
[doc.akka.io/docs/akka/current/stream/operators/ActorFlow/ask.html]
[doc.akka.io/docs/akka/current/stream/index.html]
[doc.akka.io/docs/akka/current/index-network.html]
[doc.akka.io/docs/akka/current/discovery/index.html]
[doc.akka.io/docs/akka/current/coordination.html]
[doc.akka.io/docs/akka/current/index-futures.html]
[doc.akka.io/docs/akka/current/index-utilities.html]
[doc.akka.io/docs/akka/current/common/other-modules.html]
[doc.akka.io/docs/akka/current/howto.html]
[doc.akka.io/docs/akka/current/stream/operators/ActorSink/actorRef.html]
[doc.akka.io/docs/akka/current/project/migration-guide-1.3.x-2.0.x.html]
[doc.akka.io/docs/akka/current/project/migration-guide-2.0.x-2.1.x.html]
[doc.akka.io/docs/akka/current/project/migration-guide-2.1.x-2.2.x.html]
[doc.akka.io/docs/akka/current/project/migration-guide-2.2.x-2.3.x.html]
[doc.akka.io/docs/akka/current/project/migration-guide-persistence-experimental-2.3.x-2.4.x.html]
[doc.akka.io/docs/akka/current/project/migration-guide-eventsourced-2.3.x.html]
[doc.akka.io/docs/akka/current/project/migration-guide-2.3.x-2.4.x.html]
[doc.akka.io/docs/akka/current/project/migration-guide-stream-2.0-2.4.html]
[doc.akka.io/docs/akka/current/project/index.html]
[doc.akka.io/docs/akka/current/additional/index.html]
[doc.akka.io/docs/akka/current/security/2017-02-10-java-serialization.html]
[doc.akka.io/docs/akka/current/security/2017-08-09-camel.html]
[doc.akka.io/docs/akka/current/security/2018-08-29-aes-rng.html]
[doc.akka.io/docs/akka/current/guide/introduction.html]
[doc.akka.io/docs/akka/current/project/migration-guide-2.4.x-2.5.x.html]
[doc.akka.io/docs/akka/current/guide/diagrams/seq_chart.png]
[doc.akka.io/docs/akka/current/guide/diagrams/seq_chart_thread.png]
[doc.akka.io/docs/akka/current/guide/diagrams/seq_chart_multi_thread.png]
[doc.akka.io/docs/akka/current/guide/diagrams/object_graph.png]
[doc.akka.io/docs/akka/current/guide/diagrams/object_graph_snakes.png]
[doc.akka.io/docs/akka/current/guide/actors-motivation.html]
[doc.akka.io/docs/akka/current/guide/diagrams/exception_prop.png]
[doc.akka.io/docs/akka/current/guide/diagrams/actor_graph.png]
[doc.akka.io/docs/akka/current/guide/diagrams/serialized_timeline_invariants.png]
[doc.akka.io/docs/akka/current/guide/diagrams/actor_tree_supervision.png]
[doc.akka.io/docs/akka/current/guide/actors-intro.html]
[doc.akka.io/docs/akka/current/guide/modules.html]
[doc.akka.io/docs/akka/current/guide/diagrams/arch_boxes_diagram.png]
[doc.akka.io/docs/akka/current/guide/tutorial.html]
[doc.akka.io/docs/akka/current/guide/diagrams/actor_top_tree.png]
[doc.akka.io/docs/akka/current/guide/tutorial_1.html]
[doc.akka.io/docs/akka/current/guide/diagrams/arch_tree_diagram.png]
[doc.akka.io/docs/akka/current/guide/tutorial_2.html]
[doc.akka.io/docs/akka/current/guide/tutorial_3.html]
[doc.akka.io/docs/akka/current/guide/diagrams/device_manager_tree.png]
[doc.akka.io/docs/akka/current/guide/tutorial_4.html]
[doc.akka.io/docs/akka/current/guide/tutorial_5.html]
[doc.akka.io/docs/akka/current/general/terminology.html]
[doc.akka.io/docs/akka/current/general/actor-systems.html]
[doc.akka.io/docs/akka/current/general/actors.html]
[doc.akka.io/docs/akka/current/general/guardians.png]
[doc.akka.io/docs/akka/current/general/supervision.html]
[doc.akka.io/docs/akka/current/general/ActorPath.png]
[doc.akka.io/docs/akka/current/general/RemoteDeployment.png]
[doc.akka.io/docs/akka/current/general/addressing.html]
[doc.akka.io/docs/misc/smli_tr-94-29.pdf]
[doc.akka.io/docs/akka/current/general/remoting.html]
[doc.akka.io/docs/akka/current/general/jmm.html]
[doc.akka.io/docs/akka/current/general/message-delivery-reliability.html]
[doc.akka.io/docs/akka/current/general/configuration.html]
[embed.scalafiddle.io/integration.js]
[doc.akka.io/docs/akka/current/actors.html]
[doc.akka.io/docs/akka/current/images/actor_lifecycle.png]
[doc.akka.io/docs/akka/current/fault-tolerance.html]
[doc.akka.io/docs/akka/current/images/dispatcher-behaviour-on-bad-code.png]
[doc.akka.io/docs/akka/current/images/dispatcher-behaviour-on-good-code.png]
[doc.akka.io/docs/akka/current/dispatchers.html]
[doc.akka.io/docs/akka/current/mailboxes.html]
[doc.akka.io/docs/akka/current/routing.html]
[doc.akka.io/docs/akka/current/fsm.html]
[doc.akka.io/docs/akka/current/persistence.html]
[cidrdb.org/cidr2015/Papers/CIDR15_Paper16.pdf]
[doc.akka.io/docs/akka/current/images/persistent-message-envelope.png]
[doc.akka.io/docs/akka/current/images/persistence-serializer-rename.png]
[doc.akka.io/docs/akka/current/images/persistence-manual-rename.png]
[doc.akka.io/docs/akka/current/images/persistence-drop-event.png]
[doc.akka.io/docs/akka/current/images/persistence-drop-event-serializer.png]
[doc.akka.io/docs/akka/current/images/persistence-detach-models.png]
[doc.akka.io/docs/akka/current/images/persistence-event-adapter-1-n.png]
[doc.akka.io/docs/akka/current/persistence-schema-evolution.html]
[doc.akka.io/docs/akka/current/persistence-query.html]
[doc.akka.io/docs/akka/current/persistence-query-leveldb.html]
[doc.akka.io/docs/akka/current/persistence-fsm.html]
[doc.akka.io/docs/akka/current/persistence-journals.html]
[doc.akka.io/docs/akka/current/testing.html]
[doc.akka.io/docs/akka/current/typed/guide/index.html]
[doc.akka.io/docs/akka/current/typed/actors.html]
[doc.akka.io/docs/akka/current/typed/dispatchers.html]
[doc.akka.io/docs/akka/current/typed/coexisting.html]
[doc.akka.io/docs/akka/current/typed/actor-lifecycle.html]
[doc.akka.io/docs/akka/current/typed/interaction-patterns.html]
[doc.akka.io/docs/akka/current/typed/fault-tolerance.html]
[doc.akka.io/docs/akka/current/typed/actor-discovery.html]
[doc.akka.io/docs/akka/current/typed/routers.html]
[doc.akka.io/docs/akka/current/typed/stash.html]
[doc.akka.io/docs/akka/current/typed/stream.html]
[doc.akka.io/docs/akka/current/typed/cluster.html]
[doc.akka.io/docs/akka/current/typed/distributed-data.html]
[doc.akka.io/docs/akka/current/typed/cluster-singleton.html]
[doc.akka.io/docs/akka/current/typed/cluster-sharding.html]
[doc.akka.io/docs/akka/current/typed/persistence.html]
[doc.akka.io/docs/akka/current/typed/fsm.html]
[doc.akka.io/docs/akka/current/typed/testing.html]
[doc.akka.io/docs/akka/current/serialization9266.html]
[hal.inria.fr/file/index/docid/555588/filename/techreport.pdf]
[www.allthingsdistributed.com/files/amazon-dynamo-sosp2007.pdf]
[doc.akka.io/docs/akka/current/images/member-states.png]
[doc.akka.io/docs/akka/current/common/cluster.html]
[doc.akka.io/docs/akka/current/images/member-states-weakly-up.png]
[doc.akka.io/docs/akka/current/images/phi1.png]
[doc.akka.io/docs/akka/current/images/phi2.png]
[doc.akka.io/docs/akka/current/images/phi3.png]
[doc.akka.io/docs/akka/current/cluster-usage.html]
[doc.akka.io/docs/akka/current/cluster-routing.html]
[doc.akka.io/docs/akka/current/cluster-singleton.html]
[doc.akka.io/docs/akka/current/distributed-pub-sub.html]
[doc.akka.io/docs/akka/current/cluster-client.html]
[doc.akka.io/docs/akka/current/cluster-sharding.html]
[doc.akka.io/docs/akka/current/cluster-metrics.html]
[doc.akka.io/docs/akka/current/distributed-data.html]
[doc.akka.io/docs/akka/current/cluster-dc.html]
[doc.akka.io/docs/akka/current/multi-jvm-testing.html]
[doc.akka.io/docs/akka/current/images/cluster-dc.png]
[doc.akka.io/docs/akka/current/multi-node-testing.html]
[doc.akka.io/docs/akka/current/stream/stream-introduction.html]
[doc.akka.io/docs/akka/current/stream/stream-quickstart.html]
[doc.akka.io/docs/akka/current/general/stream/stream-design.html]
[doc.akka.io/docs/akka/current/images/akka-remote-testconductor.png]
[doc.akka.io/docs/akka/current/images/asyncBoundary.png]
[doc.akka.io/docs/akka/current/stream/stream-flows-and-basics.html]
[doc.akka.io/docs/akka/current/images/simple-graph-example.png]
[doc.akka.io/docs/akka/current/stream/stream-graphs.html]
[doc.akka.io/docs/akka/current/images/compose_shapes.png]
[doc.akka.io/docs/akka/current/images/compose_composites.png]
[doc.akka.io/docs/akka/current/images/compose_nested_flow.png]
[doc.akka.io/docs/akka/current/images/compose_nested_flow_opaque.png]
[doc.akka.io/docs/akka/current/images/compose_graph.png]
[doc.akka.io/docs/akka/current/images/compose_graph_partial.png]
[doc.akka.io/docs/akka/current/images/compose_graph_shape.png]
[doc.akka.io/docs/akka/current/images/compose_graph_flow.png]
[doc.akka.io/docs/akka/current/images/compose_mat.png]
[doc.akka.io/docs/akka/current/stream/stream-composition.html]
[doc.akka.io/docs/akka/current/images/compose_attributes.png]
[doc.akka.io/docs/akka/current/stream/stream-rate.html]
[doc.akka.io/docs/akka/current/stream/stream-dynamic.html]
[doc.akka.io/docs/akka/current/images/outport_transitions.png]
[doc.akka.io/docs/akka/current/images/inport_transitions.png]
[doc.akka.io/docs/akka/current/images/graph_stage_conceptual.png]
[doc.akka.io/docs/akka/current/images/graph_stage_map.png]
[doc.akka.io/docs/akka/current/images/graph_stage_filter.png]
[doc.akka.io/docs/akka/current/images/graph_stage_duplicate.png]
[doc.akka.io/docs/akka/current/images/graph_stage_chain.png]
[doc.akka.io/docs/akka/current/images/graph_stage_tracks_1.png]
[doc.akka.io/docs/akka/current/images/graph_stage_detached_tracks_1.png]
[doc.akka.io/docs/akka/current/stream/stream-customize.html]
[doc.akka.io/docs/akka/current/stream/stream-integrations.html]
[doc.akka.io/docs/akka/current/stream/stream-error.html]
[doc.akka.io/docs/akka/current/images/graph_stage_detached_tracks_2.png]
[doc.akka.io/docs/akka/current/images/tcp-stream-bind.png]
[doc.akka.io/docs/akka/current/stream/stream-io.html]
[doc.akka.io/docs/akka/current/images/tcp-stream-run.png]
[doc.akka.io/docs/akka/current/images/source-ref-animation.gif]
[doc.akka.io/docs/akka/current/images/sink-ref-animation.gif]
[doc.akka.io/docs/akka/current/stream/stream-refs.html]
[doc.akka.io/docs/akka/current/stream/stream-parallelism.html]
[doc.akka.io/docs/akka/current/stream/stream-testkit.html]
[doc.akka.io/docs/akka/current/images/stream-substream-groupBy1.png]
[doc.akka.io/docs/akka/current/images/stream-substream-groupBy2.png]
[doc.akka.io/docs/akka/current/images/stream-substream-groupBy3.png]
[doc.akka.io/docs/akka/current/images/stream-substream-groupBy4.png]
[doc.akka.io/docs/akka/current/images/stream-substream-splitWhen-splitAfter.png]
[doc.akka.io/docs/akka/current/images/stream-substream-flatMapConcat1.png]
[doc.akka.io/docs/akka/current/images/stream-substream-flatMapConcat2.png]
[doc.akka.io/docs/akka/current/images/stream-substream-flatMapMerge.png]
[doc.akka.io/docs/akka/current/stream/stream-substream.html]
[doc.akka.io/docs/akka/current/stream/stream-cookbook.html]
[doc.akka.io/docs/akka/current/general/stream/stream-configuration.html]
[doc.akka.io/docs/akka/current/stream/operators/index.html]
[doc.akka.io/docs/akka/current/remoting.html]
[doc.akka.io/docs/akka/current/remoting-artery.html]
[doc.akka.io/docs/akka/current/serialization.html]
[doc.akka.io/docs/akka/current/images/association_lifecycle.png]
[doc.akka.io/docs/akka/current/io.html]
[doc.akka.io/docs/akka/current/io-tcp.html]
[doc.akka.io/docs/akka/current/io-udp.html]
[doc.akka.io/docs/akka/current/io-dns.html]
[doc.akka.io/docs/akka/current/common/io-layer.html]
[doc.akka.io/docs/akka/current/camel.html]
[doc.akka.io/docs/akka/current/images/futures-pipeto1.png]
[doc.akka.io/docs/akka/current/images/futures-pipeto2.png]
[doc.akka.io/docs/akka/current/futures.html]
[doc.akka.io/docs/akka/current/agents.html]
[doc.akka.io/docs/akka/current/event-bus.html]
[doc.akka.io/docs/akka/current/logging.html]
[doc.akka.io/docs/akka/current/scheduler.html]
[doc.akka.io/docs/akka/current/common/duration.html]
[www.cs.columbia.edu/_nahum/w6998/papers/sosp87-timing-wheels.pdf]
[doc.akka.io/docs/akka/current/common/circuitbreaker.html]
[doc.akka.io/docs/akka/current/java8-compat.html]
[doc.akka.io/docs/akka/current/extending-akka.html]
[doc.akka.io/docs/akka/current/project/migration-guides.html]
[doc.akka.io/docs/akka/current/project/rolling-update.html]
[doc.akka.io/docs/akka/current/project/issue-tracking.html]
[doc.akka.io/docs/akka/current/project/licenses.html]
[doc.akka.io/docs/akka/current/images/circuit-breaker-states.png]
[img.shields.io/badge/gitter_-akka/akka-blueaf00.svg]
[doc.akka.io/docs/akka/current/project/links.html]
[doc.akka.io/docs/akka/current/common/binary-compatibility-rules.html]
[doc.akka.io/docs/akka/current/common/may-change.html]
[doc.akka.io/docs/akka/current/additional/deploy.html]
[img.shields.io/badge/gitter_-akka/dev-blueaf00.svg]
[doc.akka.io/docs/akka/current/additional/faq.html]
[doc.akka.io/docs/akka/current/additional/ide.html]
[doc.akka.io/docs/akka/current/additional/books.html]
[doc.akka.io/docs/akka/current/additional/osgi.html]
[doc.akka.io/docs/akka/current/images/akka-icon.svg]
[doc.akka.io/docs/akka/current/lib/prettify/prettify.css]
[doc.akka.io/docs/akka/current/css/fonts/iconsc81e.html]
[doc.akka.io/docs/akka/current/css/fonts/iconsc81e-2.html]
[doc.akka.io/docs/akka/current/css/fonts/iconsc81e.svg]
[doc.akka.io/docs/akka/current/css/fonts/proxima-nova-regular.html]
[doc.akka.io/docs/akka/current/css/fonts/source-code-pro-regular.html]
[doc.akka.io/docs/akka/current/typed/guide/introduction.html]
[doc.akka.io/docs/akka/current/typed/guide/actors-motivation.html]
[doc.akka.io/docs/akka/current/typed/guide/actors-intro.html]
[doc.akka.io/docs/akka/current/typed/guide/modules.html]
[doc.akka.io/docs/akka/current/typed/guide/tutorial.html]
[doc.akka.io/docs/akka/current/images/idetip-auto-importer-solution.png]
[doc.akka.io/docs/akka/current/typed/guide/tutorial_1.html]
[doc.akka.io/docs/akka/current/typed/guide/diagrams/actor_top_tree.png]
[doc.akka.io/docs/akka/current/typed/guide/diagrams/arch_tree_diagram.png]
[doc.akka.io/docs/akka/current/typed/guide/tutorial_2.html]
[doc.akka.io/docs/akka/current/typed/guide/tutorial_3.html]
[doc.akka.io/docs/akka/current/typed/guide/tutorial_4.html]
[doc.akka.io/docs/akka/current/typed/guide/tutorial_5.html]
[doc.akka.io/docs/akka/current/typed/persistence-style.html]
[doc.akka.io/docs/akka/current/typed/persistence-snapshot.html]
[doc.akka.io/docs/akka/current/stream/operators/Source/combine.html]
[doc.akka.io/docs/akka/current/stream/operators/Source/asSourceWithContext.html]
[doc.akka.io/docs/akka/current/stream/operators/Source/fromPublisher.html]
[doc.akka.io/docs/akka/current/stream/operators/Source/fromIterator.html]
[doc.akka.io/docs/akka/current/stream/operators/Source/cycle.html]
[doc.akka.io/docs/akka/current/stream/operators/Source-or-Flow/setup.html]
[doc.akka.io/docs/akka/current/stream/operators/Source/fromFuture.html]
[doc.akka.io/docs/akka/current/stream/operators/Source/fromCompletionStage.html]
[doc.akka.io/docs/akka/current/stream/operators/Source/fromFutureSource.html]
[doc.akka.io/docs/akka/current/stream/operators/Source/fromSourceCompletionStage.html]
[doc.akka.io/docs/akka/current/stream/operators/Source/tick.html]
[doc.akka.io/docs/akka/current/stream/operators/Source/single.html]
[doc.akka.io/docs/akka/current/stream/operators/Source/repeat.html]
[doc.akka.io/docs/akka/current/stream/operators/Source/unfold.html]
[doc.akka.io/docs/akka/current/stream/operators/Source/unfoldAsync.html]
[doc.akka.io/docs/akka/current/stream/operators/Source/empty.html]
[doc.akka.io/docs/akka/current/stream/operators/Source/maybe.html]
[doc.akka.io/docs/akka/current/stream/operators/Source/failed.html]
[doc.akka.io/docs/akka/current/stream/operators/Source/lazily.html]
[doc.akka.io/docs/akka/current/stream/operators/Source/lazilyAsync.html]
[doc.akka.io/docs/akka/current/stream/operators/Source/asSubscriber.html]
[doc.akka.io/docs/akka/current/stream/operators/Source/actorRef.html]
[doc.akka.io/docs/akka/current/stream/operators/Source/actorRefWithAck.html]
[doc.akka.io/docs/akka/current/stream/operators/Source/zipN.html]
[doc.akka.io/docs/akka/current/stream/operators/Source/zipWithN.html]
[doc.akka.io/docs/akka/current/stream/operators/Source/queue.html]
[doc.akka.io/docs/akka/current/stream/operators/Source/unfoldResource.html]
[doc.akka.io/docs/akka/current/stream/operators/Source/unfoldResourceAsync.html]
[doc.akka.io/docs/akka/current/stream/operators/Source/from.html]
[doc.akka.io/docs/akka/current/stream/operators/Source/range.html]
[doc.akka.io/docs/akka/current/stream/operators/Source-or-Flow/concat.html]
[doc.akka.io/docs/akka/current/stream/operators/Source-or-Flow/prepend.html]
[doc.akka.io/docs/akka/current/stream/operators/Source-or-Flow/orElse.html]
[doc.akka.io/docs/akka/current/stream/operators/Source-or-Flow/alsoTo.html]
[doc.akka.io/docs/akka/current/stream/operators/Source-or-Flow/divertTo.html]
[doc.akka.io/docs/akka/current/stream/operators/Source-or-Flow/wireTap.html]
[doc.akka.io/docs/akka/current/stream/operators/Source-or-Flow/interleave.html]
[doc.akka.io/docs/akka/current/stream/operators/Source-or-Flow/merge.html]
[doc.akka.io/docs/akka/current/stream/operators/Source-or-Flow/mergeSorted.html]
[doc.akka.io/docs/akka/current/stream/operators/Source-or-Flow/zip.html]
[doc.akka.io/docs/akka/current/stream/operators/Source-or-Flow/zipLatest.html]
[doc.akka.io/docs/akka/current/stream/operators/Source-or-Flow/zipWith.html]
[doc.akka.io/docs/akka/current/stream/operators/Source-or-Flow/zipLatestWith.html]
[doc.akka.io/docs/akka/current/stream/operators/Source-or-Flow/zipWithIndex.html]
[doc.akka.io/docs/akka/current/stream/operators/Source-or-Flow/map.html]
[doc.akka.io/docs/akka/current/stream/operators/Source-or-Flow/recover.html]
[doc.akka.io/docs/akka/current/stream/operators/Source-or-Flow/mapError.html]
[doc.akka.io/docs/akka/current/stream/operators/Source-or-Flow/recoverWith.html]
[doc.akka.io/docs/akka/current/stream/operators/Source-or-Flow/recoverWithRetries.html]
[doc.akka.io/docs/akka/current/stream/operators/Source-or-Flow/mapConcat.html]
[doc.akka.io/docs/akka/current/stream/operators/Source-or-Flow/statefulMapConcat.html]
[doc.akka.io/docs/akka/current/stream/operators/Source-or-Flow/mapAsync.html]
[doc.akka.io/docs/akka/current/stream/operators/Source-or-Flow/mapAsyncUnordered.html]
[doc.akka.io/docs/akka/current/stream/operators/Source-or-Flow/ask.html]
[doc.akka.io/docs/akka/current/stream/operators/Source-or-Flow/watch.html]
[doc.akka.io/docs/akka/current/stream/operators/Source-or-Flow/filter.html]
[doc.akka.io/docs/akka/current/stream/operators/Source-or-Flow/filterNot.html]
[doc.akka.io/docs/akka/current/stream/operators/Source-or-Flow/collect.html]
[doc.akka.io/docs/akka/current/stream/operators/Source-or-Flow/collectType.html]
[doc.akka.io/docs/akka/current/stream/operators/Source-or-Flow/grouped.html]
[doc.akka.io/docs/akka/current/stream/operators/Source-or-Flow/limit.html]
[doc.akka.io/docs/akka/current/stream/operators/Source-or-Flow/limitWeighted.html]
[doc.akka.io/docs/akka/current/stream/operators/Source-or-Flow/sliding.html]
[doc.akka.io/docs/akka/current/stream/operators/Source-or-Flow/scan.html]
[doc.akka.io/docs/akka/current/stream/operators/Source-or-Flow/scanAsync.html]
[doc.akka.io/docs/akka/current/stream/operators/Source-or-Flow/fold.html]
[doc.akka.io/docs/akka/current/stream/operators/Source-or-Flow/foldAsync.html]
[doc.akka.io/docs/akka/current/stream/operators/Source-or-Flow/reduce.html]
[doc.akka.io/docs/akka/current/stream/operators/Source-or-Flow/intersperse.html]
[doc.akka.io/docs/akka/current/stream/operators/Source-or-Flow/groupedWithin.html]
[doc.akka.io/docs/akka/current/stream/operators/Source-or-Flow/groupedWeightedWithin.html]
[doc.akka.io/docs/akka/current/stream/operators/Source-or-Flow/delay.html]
[doc.akka.io/docs/akka/current/stream/operators/Source-or-Flow/drop.html]
[doc.akka.io/docs/akka/current/stream/operators/Source-or-Flow/dropWithin.html]
[doc.akka.io/docs/akka/current/stream/operators/Source-or-Flow/takeWhile.html]
[doc.akka.io/docs/akka/current/stream/operators/Source-or-Flow/dropWhile.html]
[doc.akka.io/docs/akka/current/stream/operators/Source-or-Flow/take.html]
[doc.akka.io/docs/akka/current/stream/operators/Source-or-Flow/takeWithin.html]
[doc.akka.io/docs/akka/current/stream/operators/Source-or-Flow/conflateWithSeed.html]
[doc.akka.io/docs/akka/current/stream/operators/Source-or-Flow/conflate.html]
[doc.akka.io/docs/akka/current/stream/operators/Source-or-Flow/batch.html]
[doc.akka.io/docs/akka/current/stream/operators/Source-or-Flow/batchWeighted.html]
[doc.akka.io/docs/akka/current/stream/operators/Source-or-Flow/expand.html]
[doc.akka.io/docs/akka/current/stream/operators/Source-or-Flow/extrapolate.html]
[doc.akka.io/docs/akka/current/stream/operators/Source-or-Flow/buffer.html]
[doc.akka.io/docs/akka/current/stream/operators/Source-or-Flow/prefixAndTail.html]
[doc.akka.io/docs/akka/current/stream/operators/Source-or-Flow/groupBy.html]
[doc.akka.io/docs/akka/current/stream/operators/Source-or-Flow/splitWhen.html]
[doc.akka.io/docs/akka/current/stream/operators/Source-or-Flow/splitAfter.html]
[doc.akka.io/docs/akka/current/stream/operators/Source-or-Flow/flatMapConcat.html]
[doc.akka.io/docs/akka/current/stream/operators/Source-or-Flow/flatMapMerge.html]
[doc.akka.io/docs/akka/current/stream/operators/Source-or-Flow/initialTimeout.html]
[doc.akka.io/docs/akka/current/stream/operators/Source-or-Flow/completionTimeout.html]
[doc.akka.io/docs/akka/current/stream/operators/Source-or-Flow/idleTimeout.html]
[doc.akka.io/docs/akka/current/stream/operators/Source-or-Flow/backpressureTimeout.html]
[doc.akka.io/docs/akka/current/stream/operators/Source-or-Flow/keepAlive.html]
[doc.akka.io/docs/akka/current/stream/operators/Source-or-Flow/throttle.html]
[doc.akka.io/docs/akka/current/stream/operators/Source-or-Flow/detach.html]
[doc.akka.io/docs/akka/current/stream/operators/Source-or-Flow/watchTermination.html]
[doc.akka.io/docs/akka/current/stream/operators/Source-or-Flow/monitor.html]
[doc.akka.io/docs/akka/current/stream/operators/Source-or-Flow/initialDelay.html]
[doc.akka.io/docs/akka/current/stream/operators/Source-or-Flow/log.html]
[doc.akka.io/docs/akka/current/stream/operators/Flow/asFlowWithContext.html]
[doc.akka.io/docs/akka/current/stream/operators/Flow/fromSinkAndSource.html]
[doc.akka.io/docs/akka/current/stream/operators/Flow/fromSinkAndSourceCoupled.html]
[doc.akka.io/docs/akka/current/stream/operators/Flow/lazyInitAsync.html]
[doc.akka.io/docs/akka/current/stream/operators/Sink/preMaterialize.html]
[doc.akka.io/docs/akka/current/stream/operators/Sink/setup.html]
[doc.akka.io/docs/akka/current/stream/operators/Sink/fromSubscriber.html]
[doc.akka.io/docs/akka/current/stream/operators/Sink/cancelled.html]
[doc.akka.io/docs/akka/current/stream/operators/Sink/head.html]
[doc.akka.io/docs/akka/current/stream/operators/Sink/headOption.html]
[doc.akka.io/docs/akka/current/stream/operators/Sink/last.html]
[doc.akka.io/docs/akka/current/stream/operators/Sink/lastOption.html]
[doc.akka.io/docs/akka/current/stream/operators/Sink/takeLast.html]
[doc.akka.io/docs/akka/current/stream/operators/Sink/seq.html]
[doc.akka.io/docs/akka/current/stream/operators/Sink/asPublisher.html]
[doc.akka.io/docs/akka/current/stream/operators/Sink/ignore.html]
[doc.akka.io/docs/akka/current/stream/operators/Sink/foreach.html]
[doc.akka.io/docs/akka/current/stream/operators/Sink/foreachAsync.html]
[doc.akka.io/docs/akka/current/stream/operators/Sink/combine.html]
[doc.akka.io/docs/akka/current/stream/operators/Sink/foreachParallel.html]
[doc.akka.io/docs/akka/current/stream/operators/Sink/fold.html]
[doc.akka.io/docs/akka/current/stream/operators/Sink/reduce.html]
[doc.akka.io/docs/akka/current/stream/operators/Sink/onComplete.html]
[doc.akka.io/docs/akka/current/stream/operators/Sink/actorRef.html]
[doc.akka.io/docs/akka/current/stream/operators/Sink/actorRefWithAck.html]
[doc.akka.io/docs/akka/current/stream/operators/Sink/queue.html]
[doc.akka.io/docs/akka/current/stream/operators/Sink/lazyInitAsync.html]
[doc.akka.io/docs/akka/current/stream/operators/StreamConverters/fromInputStream.html]
[doc.akka.io/docs/akka/current/stream/operators/StreamConverters/asOutputStream.html]
[doc.akka.io/docs/akka/current/stream/operators/StreamConverters/fromOutputStream.html]
[doc.akka.io/docs/akka/current/stream/operators/StreamConverters/asInputStream.html]
[doc.akka.io/docs/akka/current/stream/operators/StreamConverters/javaCollector.html]
[doc.akka.io/docs/akka/current/stream/operators/StreamConverters/javaCollectorParallelUnordered.html]
[doc.akka.io/docs/akka/current/stream/operators/StreamConverters/asJavaStream.html]
[doc.akka.io/docs/akka/current/stream/operators/StreamConverters/fromJavaStream.html]
[doc.akka.io/docs/akka/current/stream/operators/FileIO/fromFile.html]
[doc.akka.io/docs/akka/current/stream/operators/FileIO/fromPath.html]
[doc.akka.io/docs/akka/current/stream/operators/FileIO/toFile.html]
[doc.akka.io/docs/akka/current/stream/operators/FileIO/toPath.html]
[doc.akka.io/docs/akka/current/stream/operators/RestartSource/withBackoff.html]
[doc.akka.io/docs/akka/current/stream/operators/RestartSource/onFailuresWithBackoff.html]
[doc.akka.io/docs/akka/current/stream/operators/RestartFlow/withBackoff.html]
[doc.akka.io/docs/akka/current/stream/operators/RestartFlow/onFailuresWithBackoff.html]
[doc.akka.io/docs/akka/current/stream/operators/RestartSink/withBackoff.html]
[doc.akka.io/docs/akka/current/stream/operators/ActorSource/actorRefWithAck.html]
[doc.akka.io/docs/akka/current/stream/operators/ActorFlow/ask.html]
[doc.akka.io/docs/akka/current/stream/operators/ActorSink/actorRef.html]
[doc.akka.io/docs/akka/current/project/migration-guide-1.3.x-2.0.x.html]
[doc.akka.io/docs/akka/current/project/migration-guide-2.0.x-2.1.x.html]
[doc.akka.io/docs/akka/current/project/migration-guide-2.1.x-2.2.x.html]
[doc.akka.io/docs/akka/current/project/migration-guide-2.2.x-2.3.x.html]
[doc.akka.io/docs/akka/current/project/migration-guide-persistence-experimental-2.3.x-2.4.x.html]
[doc.akka.io/docs/akka/current/project/migration-guide-eventsourced-2.3.x.html]
[doc.akka.io/docs/akka/current/project/migration-guide-2.3.x-2.4.x.html]
[doc.akka.io/docs/akka/current/project/migration-guide-stream-2.0-2.4.html]
[doc.akka.io/docs/akka/current/project/migration-guide-2.4.x-2.5.x.html]
[embed.scalafiddle.io/runicon.png]
[embed.scalafiddle.io/integration.js]
[doc.akka.io/docs/akka/current/serialization9266.html]
[doc.akka.io/docs/akka/current/common/io-layer.html]
[img.shields.io/badge/gitter_-akka/akka-blueaf00.svg]
[img.shields.io/badge/gitter_-akka/dev-blueaf00.svg]
[lh4.googleusercontent.com/-z28mTALX90E/UCOsd249TdI/AAAAAAAAAB0/zGyNNZla-zY/w442-h331/akka-beautiful-panorama.png]
